Component: ARM Compiler 5.06 update 5 (build 528) Tool: armlink [4d35e2]

==============================================================================

Section Cross References

    main.o(i.HAL_GetTick) refers to rt_time.o(.data) for os_time
    main.o(i.SystemClock_Config) refers to stm32f4xx_hal_rcc.o(i.HAL_RCC_OscConfig) for HAL_RCC_OscConfig
    main.o(i.SystemClock_Config) refers to stm32f4xx_hal_rcc.o(i.HAL_RCC_ClockConfig) for HAL_RCC_ClockConfig
    main.o(i.main) refers to tim.o(i.initTimer) for initTimer
    main.o(i.main) refers to accelerometer.o(i.initializeAccelerometer) for initializeAccelerometer
    main.o(i.main) refers to rt_cmsis.o(i.osKernelInitialize) for osKernelInitialize
    main.o(i.main) refers to stm32f4xx_hal.o(i.HAL_Init) for HAL_Init
    main.o(i.main) refers to stm32f4xx_hal_rcc.o(i.HAL_RCC_OscConfig) for HAL_RCC_OscConfig
    main.o(i.main) refers to stm32f4xx_hal_rcc.o(i.HAL_RCC_ClockConfig) for HAL_RCC_ClockConfig
    main.o(i.main) refers to gpio.o(i.MX_GPIO_Init) for MX_GPIO_Init
    main.o(i.main) refers to threads.o(i.start_Threads) for start_Threads
    main.o(i.main) refers to rt_cmsis.o(i.osKernelStart) for osKernelStart
    thread_led.o(i.Thread_LED_1) refers to rt_cmsis.o(i.osDelay) for osDelay
    thread_led.o(i.Thread_LED_1) refers to stm32f4xx_hal_gpio.o(i.HAL_GPIO_TogglePin) for HAL_GPIO_TogglePin
    thread_led.o(i.Thread_LED_1) refers to main.o(i.HAL_GetTick) for HAL_GetTick
    thread_led.o(i.Thread_LED_1) refers to printfa.o(i.__0printf) for __2printf
    thread_led.o(i.Thread_LED_2) refers to rt_cmsis.o(i.osDelay) for osDelay
    thread_led.o(i.Thread_LED_2) refers to stm32f4xx_hal_gpio.o(i.HAL_GPIO_TogglePin) for HAL_GPIO_TogglePin
    thread_led.o(i.Thread_LED_3) refers to rt_cmsis.o(i.osDelay) for osDelay
    thread_led.o(i.Thread_LED_3) refers to stm32f4xx_hal_gpio.o(i.HAL_GPIO_TogglePin) for HAL_GPIO_TogglePin
    thread_led.o(i.initializeLED_IO) refers to stm32f4xx_hal_gpio.o(i.HAL_GPIO_Init) for HAL_GPIO_Init
    thread_led.o(i.initializeLED_IO) refers to thread_led.o(.bss) for .bss
    thread_led.o(i.start_Thread_LED) refers to rt_cmsis.o(i.osThreadCreate) for osThreadCreate
    thread_led.o(i.start_Thread_LED) refers to thread_led.o(.constdata) for .constdata
    thread_led.o(i.start_Thread_LED) refers to thread_led.o(.data) for .data
    thread_led.o(.constdata) refers to thread_led.o(i.Thread_LED_1) for Thread_LED_1
    thread_led.o(.constdata) refers to thread_led.o(i.Thread_LED_2) for Thread_LED_2
    thread_led.o(.constdata) refers to thread_led.o(i.Thread_LED_3) for Thread_LED_3
    supporting_functions.o(i.Error_Handler) refers to printfa.o(i.__0printf) for __2printf
    stm32f4xx_it.o(i.EXTI0_IRQHandler) refers to stm32f4xx_hal_gpio.o(i.HAL_GPIO_EXTI_IRQHandler) for HAL_GPIO_EXTI_IRQHandler
    stm32f4xx_it.o(i.HardFault_Handler) refers to printfa.o(i.__0printf) for __2printf
    threads.o(i.Thread_Display) refers to _scanf_int.o(.text) for _scanf_int
    threads.o(i.Thread_Display) refers to rt_cmsis.o(i.osSemaphoreWait) for osSemaphoreWait
    threads.o(i.Thread_Display) refers to tim.o(i.setLedIntensityPitch) for setLedIntensityPitch
    threads.o(i.Thread_Display) refers to tim.o(i.setLedIntensityRoll) for setLedIntensityRoll
    threads.o(i.Thread_Display) refers to display.o(i.resetDisplay) for resetDisplay
    threads.o(i.Thread_Display) refers to __0sscanf.o(.text) for __0sscanf
    threads.o(i.Thread_Display) refers to display.o(i.displayDigits) for displayDigits
    threads.o(i.Thread_Display) refers to rt_cmsis.o(i.osSemaphoreRelease) for osSemaphoreRelease
    threads.o(i.Thread_Display) refers to state_machine.o(.data) for state
    threads.o(i.Thread_Display) refers to accelerometer.o(.data) for pitch
    threads.o(i.Thread_Display) refers to threads.o(.data) for .data
    threads.o(i.Thread_Display) refers to state_machine.o(.bss) for pitch_buf
    threads.o(i.Thread_Keypad) refers to rt_cmsis.o(i.osDelay) for osDelay
    threads.o(i.Thread_Keypad) refers to rt_cmsis.o(i.osSemaphoreWait) for osSemaphoreWait
    threads.o(i.Thread_Keypad) refers to keypad.o(i.readInput) for readInput
    threads.o(i.Thread_Keypad) refers to rt_cmsis.o(i.osSemaphoreRelease) for osSemaphoreRelease
    threads.o(i.Thread_Keypad) refers to threads.o(.data) for .data
    threads.o(i.Thread_LED) refers to rt_cmsis.o(i.osDelay) for osDelay
    threads.o(i.Thread_LED) refers to f2d.o(.text) for __aeabi_f2d
    threads.o(i.Thread_LED) refers to ddiv.o(.text) for __aeabi_ddiv
    threads.o(i.Thread_LED) refers to dmul.o(.text) for __aeabi_dmul
    threads.o(i.Thread_LED) refers to d2f.o(.text) for __aeabi_d2f
    threads.o(i.Thread_LED) refers to tim.o(i.setLedIntensityPitch) for setLedIntensityPitch
    threads.o(i.Thread_LED) refers to tim.o(i.setLedIntensityRoll) for setLedIntensityRoll
    threads.o(i.Thread_LED) refers to state_machine.o(.data) for target_roll
    threads.o(i.Thread_LED) refers to accelerometer.o(.data) for roll
[...]
    .constdata                               0x08005eb4   Section        1  rtx_conf_cm.o(.constdata)
    .constdata                               0x08005eb8   Section       16  rtx_conf_cm.o(.constdata)
    .constdata                               0x08005ec8   Section        8  rtx_conf_cm.o(.constdata)
    .constdata                               0x08005ed0   Section        2  rtx_conf_cm.o(.constdata)
    .constdata                               0x08005ed2   Section       16  stm32f4xx_hal_rcc.o(.constdata)
    .constdata                               0x08005ee2   Section       64  ctype_c.o(.constdata)
    .conststring                             0x08005f24   Section       65  keypad.o(.conststring)
    .data                                    0x20000000   Section        8  threads.o(.data)
    .data                                    0x20000008   Section       16  threads.o(.data)
    .data                                    0x20000018   Section        4  lis3dsh.o(.data)
    .data                                    0x2000001c   Section       96  accelerometer.o(.data)
    .data                                    0x2000007c   Section       28  display.o(.data)
    .data                                    0x20000098   Section       28  display.o(.data)
    .data                                    0x200000b4   Section       28  display.o(.data)
    .data                                    0x200000d0   Section       28  display.o(.data)
    .data                                    0x200000ec   Section       28  display.o(.data)
    .data                                    0x20000108   Section       28  display.o(.data)
    .data                                    0x20000124   Section       28  display.o(.data)
    .data                                    0x20000140   Section       28  display.o(.data)
    .data                                    0x2000015c   Section       28  display.o(.data)
    .data                                    0x20000178   Section       28  display.o(.data)
    .data                                    0x20000194   Section       48  display.o(.data)
    counter_display                          0x20000194   Data           4  display.o(.data)
    limit                                    0x20000198   Data           4  display.o(.data)
    .data                                    0x200001c4   Section       60  filter.o(.data)
    filterX_coef                             0x200001c4   Data          20  filter.o(.data)
    filterY_coef                             0x200001d8   Data          20  filter.o(.data)
    filterZ_coef                             0x200001ec   Data          20  filter.o(.data)
    .data                                    0x20000200   Section       28  keypad.o(.data)
    timer_start                              0x20000214   Data           4  keypad.o(.data)
    timer_end                                0x20000218   Data           4  keypad.o(.data)
    .data                                    0x2000021c   Section       20  state_machine.o(.data)
    .data                                    0x20000230   Section        4  tim.o(.data)
    .data                                    0x20000234   Section        4  rtx_conf_cm.o(.data)
    .data                                    0x20000238   Section        4  rtx_conf_cm.o(.data)
    .data                                    0x2000023c   Section        4  rtx_conf_cm.o(.data)
    .data                                    0x20000240   Section        4  system_stm32f4xx.o(.data)
    .data                                    0x20000244   Section        8  rt_cmsis.o(.data)
    .data                                    0x2000024c   Section        4  rt_time.o(.data)
    .data                                    0x20000250   Section        8  rt_task.o(.data)
    .data                                    0x20000258   Section        8  rt_system.o(.data)
    os_lock                                  0x20000258   Data           1  rt_system.o(.data)
    os_psh_flag                              0x20000259   Data           1  rt_system.o(.data)
    pend_flags                               0x2000025a   Data           1  rt_system.o(.data)
    .data                                    0x20000260   Section        1  hal_cm.o(.data)
    .data                                    0x20000264   Section        8  rt_robin.o(.data)
    .data                                    0x2000026c   Section        4  stdout.o(.data)
    .data                                    0x20000270   Section        4  errno.o(.data)
    _errno                                   0x20000270   Data           4  errno.o(.data)
    .bss                                     0x20000274   Section       88  lis3dsh.o(.bss)
    .bss                                     0x200002cc   Section       12  accelerometer.o(.bss)
    .bss                                     0x200002d8   Section       48  filter.o(.bss)
    in_oldestSample                          0x200002d8   Data          12  filter.o(.bss)
    in_lastSample                            0x200002e4   Data          12  filter.o(.bss)
    out_oldestSample                         0x200002f0   Data          12  filter.o(.bss)
    out_lastSample                           0x200002fc   Data          12  filter.o(.bss)
    .bss                                     0x20000308   Section       28  keypad.o(.bss)
    .bss                                     0x20000324   Section       20  state_machine.o(.bss)
    .bss                                     0x20000338   Section      108  tim.o(.bss)
    .bss                                     0x200003a4   Section       32  rtx_conf_cm.o(.bss)
    .bss                                     0x200003c4   Section      480  rtx_conf_cm.o(.bss)
    .bss                                     0x200005a8   Section     8208  rtx_conf_cm.o(.bss)
    .bss                                     0x200025b8   Section     1256  rtx_conf_cm.o(.bss)
    .bss                                     0x20002aa0   Section      132  rtx_conf_cm.o(.bss)
    .bss                                     0x20002b24   Section       36  rtx_conf_cm.o(.bss)
    .bss                                     0x20002b48   Section       52  rt_task.o(.bss)
    .bss                                     0x20002b7c   Section       48  rt_list.o(.bss)
    STACK                                    0x20002bb0   Section     1024  startup_stm32f407xx.o(STACK)

    Global Symbols

    Symbol Name                              Value     Ov Type        Size  Object(Section)

    BuildAttributes$$THM_ISAv4$E$P$D$K$B$S$7EM$VFPi3$EXTD16$VFPS$VFMA$PE$A:L22UL41UL21$X:L11$S22US41US21$IEEE1$IW$USESV6$~STKCKD$USESV7$~SHL$OTIME$ROPI$IEEEX$EBA8$MICROLIB$REQ8$PRES8$EABIv2 0x00000000   Number         0  anon$$obj.o ABSOLUTE
    __ARM_use_no_argv                        0x00000000   Number         0  main.o ABSOLUTE
    _printf_a                                0x00000000   Number         0  stubs.o ABSOLUTE
    _printf_c                                0x00000000   Number         0  stubs.o ABSOLUTE
    _printf_charcount                        0x00000000   Number         0  stubs.o ABSOLUTE
    _printf_d                                0x00000000   Number         0  stubs.o ABSOLUTE
    _printf_e                                0x00000000   Number         0  stubs.o ABSOLUTE
    _printf_f                                0x00000000   Number         0  stubs.o ABSOLUTE
    _printf_flags                            0x00000000   Number         0  stubs.o ABSOLUTE
    _printf_fp_dec                           0x00000000   Number         0  stubs.o ABSOLUTE
    _printf_fp_hex                           0x00000000   Number         0  stubs.o ABSOLUTE
    _printf_g                                0x00000000   Number         0  stubs.o ABSOLUTE
    _printf_i                                0x00000000   Number         0  stubs.o ABSOLUTE
    _printf_int_dec                          0x00000000   Number         0  stubs.o ABSOLUTE
    _printf_l                                0x00000000   Number         0  stubs.o ABSOLUTE
    _printf_lc                               0x00000000   Number         0  stubs.o ABSOLUTE
    _printf_ll                               0x00000000   Number         0  stubs.o ABSOLUTE
    _printf_lld                              0x00000000   Number         0  stubs.o ABSOLUTE
    _printf_lli                              0x00000000   Number         0  stubs.o ABSOLUTE
    _printf_llo                              0x00000000   Number         0  stubs.o ABSOLUTE
    _printf_llu                              0x00000000   Number         0  stubs.o ABSOLUTE
    _printf_llx                              0x00000000   Number         0  stubs.o ABSOLUTE
    _printf_longlong_dec                     0x00000000   Number         0  stubs.o ABSOLUTE
    _printf_longlong_hex                     0x00000000   Number         0  stubs.o ABSOLUTE
    _printf_longlong_oct                     0x00000000   Number         0  stubs.o ABSOLUTE
    _printf_ls                               0x00000000   Number         0  stubs.o ABSOLUTE
    _printf_mbtowc                           0x00000000   Number         0  stubs.o ABSOLUTE
    _printf_n                                0x00000000   Number         0  stubs.o ABSOLUTE
    _printf_o                                0x00000000   Number         0  stubs.o ABSOLUTE
    _printf_p                                0x00000000   Number         0  stubs.o ABSOLUTE
    _printf_percent                          0x00000000   Number         0  stubs.o ABSOLUTE
    _printf_pre_padding                      0x00000000   Number         0  stubs.o ABSOLUTE
    _printf_return_value                     0x00000000   Number         0  stubs.o ABSOLUTE
    _printf_s                                0x00000000   Number         0  stubs.o ABSOLUTE
    _printf_sizespec                         0x00000000   Number         0  stubs.o ABSOLUTE
    _printf_str                              0x00000000   Number         0  stubs.o ABSOLUTE
    _printf_truncate_signed                  0x00000000   Number         0  stubs.o ABSOLUTE
    _printf_truncate_unsigned                0x00000000   Number         0  stubs.o ABSOLUTE
    _printf_u                                0x00000000   Number         0  stubs.o ABSOLUTE
    _printf_wc                               0x00000000   Number         0  stubs.o ABSOLUTE
    _printf_wctomb                           0x00000000   Number         0  stubs.o ABSOLUTE
    _printf_widthprec                        0x00000000   Number         0  stubs.o ABSOLUTE
    _printf_x                                0x00000000   Number         0  stubs.o ABSOLUTE
    __cpp_initialize__aeabi_                  - Undefined Weak Reference
    __cxa_finalize                            - Undefined Weak Reference
    _clock_init                               - Undefined Weak Reference
    _microlib_exit                            - Undefined Weak Reference
    _scanf_longlong                           - Undefined Weak Reference
    _scanf_real                               - Undefined Weak Reference
    _scanf_string                             - Undefined Weak Reference
    __Vectors_Size                           0x00000188   Number         0  startup_stm32f407xx.o ABSOLUTE
    __RL_RTX_VER                             0x00000482   Number         0  rt_system.o ABSOLUTE
    __Vectors                                0x08000000   Data           4  startup_stm32f407xx.o(RESET)
    __Vectors_End                            0x08000188   Data           0  startup_stm32f407xx.o(RESET)
    __main                                   0x08000189   Thumb Code     0  entry.o(.ARM.Collect$$$$00000000)
    _main_stk                                0x08000189   Thumb Code     0  entry2.o(.ARM.Collect$$$$00000001)
    _main_scatterload                        0x0800018d   Thumb Code     0  entry5.o(.ARM.Collect$$$$00000004)
    __main_after_scatterload                 0x08000191   Thumb Code     0  entry5.o(.ARM.Collect$$$$00000004)
    __rt_final_cpp                           0x08000191   Thumb Code     0  entry10a.o(.ARM.Collect$$$$0000000D)
    __rt_final_exit                          0x08000191   Thumb Code     0  entry11a.o(.ARM.Collect$$$$0000000F)
    _main_clock                              0x08000191   Thumb Code     0  entry7b.o(.ARM.Collect$$$$00000008)
    _main_cpp_init                           0x08000191   Thumb Code     0  entry8b.o(.ARM.Collect$$$$0000000A)
    _main_init                               0x08000191   Thumb Code    18  rtx_conf_cm.o(.ARM.Collect$$$$000000FF)
    rt_set_PSP                               0x080001ad   Thumb Code     6  hal_cm4.o(.emb_text)
    rt_get_PSP                               0x080001b3   Thumb Code     6  hal_cm4.o(.emb_text)
    os_set_env                               0x080001b9   Thumb Code    24  hal_cm4.o(.emb_text)
    _alloc_box                               0x080001d5   Thumb Code    28  hal_cm4.o(.emb_text)
    _free_box                                0x080001f5   Thumb Code    28  hal_cm4.o(.emb_text)
    SVC_Handler                              0x08000215   Thumb Code   168  hal_cm4.o(.emb_text)
    PendSV_Handler                           0x080002cd   Thumb Code    96  hal_cm4.o(.emb_text)
    SysTick_Handler                          0x08000331   Thumb Code     8  hal_cm4.o(.emb_text)
    OS_Tick_Handler                          0x08000339   Thumb Code    12  hal_cm4.o(.emb_text)
    Reset_Handler                            0x08000345   Thumb Code     8  startup_stm32f407xx.o(.text)
    NMI_Handler                              0x0800034d   Thumb Code     2  startup_stm32f407xx.o(.text)
    MemManage_Handler                        0x08000351   Thumb Code     2  startup_stm32f407xx.o(.text)
    BusFault_Handler                         0x08000353   Thumb Code     2  startup_stm32f407xx.o(.text)
    UsageFault_Handler                       0x08000355   Thumb Code     2  startup_stm32f407xx.o(.text)
    DebugMon_Handler                         0x08000359   Thumb Code     2  startup_stm32f407xx.o(.text)
    ADC_IRQHandler                           0x0800035f   Thumb Code     0  startup_stm32f407xx.o(.text)
    CAN1_RX0_IRQHandler                      0x0800035f   Thumb Code     0  startup_stm32f407xx.o(.text)
    CAN1_RX1_IRQHandler                      0x0800035f   Thumb Code     0  startup_stm32f407xx.o(.text)
    CAN1_SCE_IRQHandler                      0x0800035f   Thumb Code     0  startup_stm32f407xx.o(.text)
    CAN1_TX_IRQHandler                       0x0800035f   Thumb Code     0  startup_stm32f407xx.o(.text)
    CAN2_RX0_IRQHandler                      0x0800035f   Thumb Code     0  startup_stm32f407xx.o(.text)
    CAN2_RX1_IRQHandler                      0x0800035f   Thumb Code     0  startup_stm32f407xx.o(.text)
    CAN2_SCE_IRQHandler                      0x0800035f   Thumb Code     0  startup_stm32f407xx.o(.text)
    CAN2_TX_IRQHandler                       0x0800035f   Thumb Code     0  startup_stm32f407xx.o(.text)
    DCMI_IRQHandler                          0x0800035f   Thumb Code     0  startup_stm32f407xx.o(.text)
    DMA1_Stream0_IRQHandler                  0x0800035f   Thumb Code     0  startup_stm32f407xx.o(.text)
    DMA1_Stream1_IRQHandler                  0x0800035f   Thumb Code     0  startup_stm32f407xx.o(.text)
    DMA1_Stream2_IRQHandler                  0x0800035f   Thumb Code     0  startup_stm32f407xx.o(.text)
    DMA1_Stream3_IRQHandler                  0x0800035f   Thumb Code     0  startup_stm32f407xx.o(.text)
    DMA1_Stream4_IRQHandler                  0x0800035f   Thumb Code     0  startup_stm32f407xx.o(.text)
    DMA1_Stream5_IRQHandler                  0x0800035f   Thumb Code     0  startup_stm32f407xx.o(.text)
    DMA1_Stream6_IRQHandler                  0x0800035f   Thumb Code     0  startup_stm32f407xx.o(.text)
    DMA1_Stream7_IRQHandler                  0x0800035f   Thumb Code     0  startup_stm32f407xx.o(.text)
    DMA2_Stream0_IRQHandler                  0x0800035f   Thumb Code     0  startup_stm32f407xx.o(.text)
    DMA2_Stream1_IRQHandler                  0x0800035f   Thumb Code     0  startup_stm32f407xx.o(.text)
    DMA2_Stream2_IRQHandler                  0x0800035f   Thumb Code     0  startup_stm32f407xx.o(.text)
    DMA2_Stream3_IRQHandler                  0x0800035f   Thumb Code     0  startup_stm32f407xx.o(.text)
    DMA2_Stream4_IRQHandler                  0x0800035f   Thumb Code     0  startup_stm32f407xx.o(.text)
    DMA2_Stream5_IRQHandler                  0x0800035f   Thumb Code     0  startup_stm32f407xx.o(.text)
    DMA2_Stream6_IRQHandler                  0x0800035f   Thumb Code     0  startup_stm32f407xx.o(.text)
    DMA2_Stream7_IRQHandler                  0x0800035f   Thumb Code     0  startup_stm32f407xx.o(.text)
    ETH_IRQHandler                           0x0800035f   Thumb Code     0  startup_stm32f407xx.o(.text)
    ETH_WKUP_IRQHandler                      0x0800035f   Thumb Code     0  startup_stm32f407xx.o(.text)
    EXTI15_10_IRQHandler                     0x0800035f   Thumb Code     0  startup_stm32f407xx.o(.text)
    EXTI1_IRQHandler                         0x0800035f   Thumb Code     0  startup_stm32f407xx.o(.text)
    EXTI2_IRQHandler                         0x0800035f   Thumb Code     0  startup_stm32f407xx.o(.text)
    EXTI3_IRQHandler                         0x0800035f   Thumb Code     0  startup_stm32f407xx.o(.text)
    EXTI4_IRQHandler                         0x0800035f   Thumb Code     0  startup_stm32f407xx.o(.text)
    EXTI9_5_IRQHandler                       0x0800035f   Thumb Code     0  startup_stm32f407xx.o(.text)
    FLASH_IRQHandler                         0x0800035f   Thumb Code     0  startup_stm32f407xx.o(.text)
    FMC_IRQHandler                           0x0800035f   Thumb Code     0  startup_stm32f407xx.o(.text)
    FPU_IRQHandler                           0x0800035f   Thumb Code     0  startup_stm32f407xx.o(.text)
    HASH_RNG_IRQHandler                      0x0800035f   Thumb Code     0  startup_stm32f407xx.o(.text)
    I2C1_ER_IRQHandler                       0x0800035f   Thumb Code     0  startup_stm32f407xx.o(.text)
    I2C1_EV_IRQHandler                       0x0800035f   Thumb Code     0  startup_stm32f407xx.o(.text)
    I2C2_ER_IRQHandler                       0x0800035f   Thumb Code     0  startup_stm32f407xx.o(.text)
    I2C2_EV_IRQHandler                       0x0800035f   Thumb Code     0  startup_stm32f407xx.o(.text)
    I2C3_ER_IRQHandler                       0x0800035f   Thumb Code     0  startup_stm32f407xx.o(.text)
    I2C3_EV_IRQHandler                       0x0800035f   Thumb Code     0  startup_stm32f407xx.o(.text)
    OTG_FS_IRQHandler                        0x0800035f   Thumb Code     0  startup_stm32f407xx.o(.text)
    OTG_FS_WKUP_IRQHandler                   0x0800035f   Thumb Code     0  startup_stm32f407xx.o(.text)
    OTG_HS_EP1_IN_IRQHandler                 0x0800035f   Thumb Code     0  startup_stm32f407xx.o(.text)
    OTG_HS_EP1_OUT_IRQHandler                0x0800035f   Thumb Code     0  startup_stm32f407xx.o(.text)
    OTG_HS_IRQHandler                        0x0800035f   Thumb Code     0  startup_stm32f407xx.o(.text)
    OTG_HS_WKUP_IRQHandler                   0x0800035f   Thumb Code     0  startup_stm32f407xx.o(.text)
    PVD_IRQHandler                           0x0800035f   Thumb Code     0  startup_stm32f407xx.o(.text)
    RCC_IRQHandler                           0x0800035f   Thumb Code     0  startup_stm32f407xx.o(.text)
    RTC_Alarm_IRQHandler                     0x0800035f   Thumb Code     0  startup_stm32f407xx.o(.text)
    RTC_WKUP_IRQHandler                      0x0800035f   Thumb Code     0  startup_stm32f407xx.o(.text)
    SDIO_IRQHandler                          0x0800035f   Thumb Code     0  startup_stm32f407xx.o(.text)
    SPI1_IRQHandler                          0x0800035f   Thumb Code     0  startup_stm32f407xx.o(.text)
    SPI2_IRQHandler                          0x0800035f   Thumb Code     0  startup_stm32f407xx.o(.text)
    SPI3_IRQHandler                          0x0800035f   Thumb Code     0  startup_stm32f407xx.o(.text)
    TAMP_STAMP_IRQHandler                    0x0800035f   Thumb Code     0  startup_stm32f407xx.o(.text)
    TIM1_BRK_TIM9_IRQHandler                 0x0800035f   Thumb Code     0  startup_stm32f407xx.o(.text)
    TIM1_CC_IRQHandler                       0x0800035f   Thumb Code     0  startup_stm32f407xx.o(.text)
    TIM1_TRG_COM_TIM11_IRQHandler            0x0800035f   Thumb Code     0  startup_stm32f407xx.o(.text)
    TIM1_UP_TIM10_IRQHandler                 0x0800035f   Thumb Code     0  startup_stm32f407xx.o(.text)
    TIM2_IRQHandler                          0x0800035f   Thumb Code     0  startup_stm32f407xx.o(.text)
    TIM3_IRQHandler                          0x0800035f   Thumb Code     0  startup_stm32f407xx.o(.text)
    TIM4_IRQHandler                          0x0800035f   Thumb Code     0  startup_stm32f407xx.o(.text)
    TIM5_IRQHandler                          0x0800035f   Thumb Code     0  startup_stm32f407xx.o(.text)
    TIM6_DAC_IRQHandler                      0x0800035f   Thumb Code     0  startup_stm32f407xx.o(.text)
    TIM7_IRQHandler                          0x0800035f   Thumb Code     0  startup_stm32f407xx.o(.text)
    TIM8_BRK_TIM12_IRQHandler                0x0800035f   Thumb Code     0  startup_stm32f407xx.o(.text)
    TIM8_CC_IRQHandler                       0x0800035f   Thumb Code     0  startup_stm32f407xx.o(.text)
    TIM8_TRG_COM_TIM14_IRQHandler            0x0800035f   Thumb Code     0  startup_stm32f407xx.o(.text)
    TIM8_UP_TIM13_IRQHandler                 0x0800035f   Thumb Code     0  startup_stm32f407xx.o(.text)
    UART4_IRQHandler                         0x0800035f   Thumb Code     0  startup_stm32f407xx.o(.text)
    UART5_IRQHandler                         0x0800035f   Thumb Code     0  startup_stm32f407xx.o(.text)
    USART1_IRQHandler                        0x0800035f   Thumb Code     0  startup_stm32f407xx.o(.text)
    USART2_IRQHandler                        0x0800035f   Thumb Code     0  startup_stm32f407xx.o(.text)
    USART3_IRQHandler                        0x0800035f   Thumb Code     0  startup_stm32f407xx.o(.text)
    USART6_IRQHandler                        0x0800035f   Thumb Code     0  startup_stm32f407xx.o(.text)
    WWDG_IRQHandler                          0x0800035f   Thumb Code     0  startup_stm32f407xx.o(.text)
    arm_biquad_cascade_df1_f32               0x08000369   Thumb Code   332  arm_biquad_cascade_df1_f32.o(.text)
    arm_mat_init_f32                         0x080004b5   Thumb Code     8  arm_mat_init_f32.o(.text)
    arm_mat_mult_f32                         0x080004bd   Thumb Code   312  arm_mat_mult_f32.o(.text)
    __aeabi_uldivmod                         0x080005f9   Thumb Code    98  uldiv.o(.text)
    __0sscanf                                0x0800065d   Thumb Code    48  __0sscanf.o(.text)
    _scanf_int                               0x08000695   Thumb Code   332  _scanf_int.o(.text)
    __aeabi_dmul                             0x080007e1   Thumb Code   228  dmul.o(.text)
    __aeabi_ddiv                             0x080008c5   Thumb Code   222  ddiv.o(.text)
    __aeabi_i2d                              0x080009a3   Thumb Code    34  dflti.o(.text)
    __aeabi_f2d                              0x080009c5   Thumb Code    38  f2d.o(.text)
    __aeabi_d2f                              0x080009eb   Thumb Code    56  d2f.o(.text)
    __aeabi_uidiv                            0x08000a23   Thumb Code     0  uidiv.o(.text)
    __aeabi_uidivmod                         0x08000a23   Thumb Code    44  uidiv.o(.text)
    __aeabi_llsl                             0x08000a4f   Thumb Code    30  llshl.o(.text)
    _ll_shift_l                              0x08000a4f   Thumb Code     0  llshl.o(.text)
    __aeabi_llsr                             0x08000a6d   Thumb Code    32  llushr.o(.text)
    _ll_ushift_r                             0x08000a6d   Thumb Code     0  llushr.o(.text)
    _chval                                   0x08000a8d   Thumb Code    28  _chval.o(.text)
    __vfscanf_char                           0x08000ab5   Thumb Code    20  scanf_char.o(.text)
    _sgetc                                   0x08000ad1   Thumb Code    30  _sgetc.o(.text)
    _sbackspace                              0x08000aef   Thumb Code    34  _sgetc.o(.text)
    __I$use$fp                               0x08000b11   Thumb Code     0  iusefp.o(.text)
    _float_round                             0x08000b11   Thumb Code    18  fepilogue.o(.text)
    _float_epilogue                          0x08000b23   Thumb Code    92  fepilogue.o(.text)
    _double_round                            0x08000b7f   Thumb Code    30  depilogue.o(.text)
    _double_epilogue                         0x08000b9d   Thumb Code   156  depilogue.o(.text)
    __aeabi_dadd                             0x08000c39   Thumb Code   322  dadd.o(.text)
    __aeabi_dsub                             0x08000d7b   Thumb Code     6  dadd.o(.text)
    __aeabi_drsub                            0x08000d81   Thumb Code     6  dadd.o(.text)
    _drnd                                    0x08000d89   Thumb Code   132  drnd.o(.text)
    __aeabi_d2ulz                            0x08000e11   Thumb Code    48  dfixul.o(.text)
    __aeabi_cdcmpeq                          0x08000e41   Thumb Code     0  cdcmple.o(.text)
    __aeabi_cdcmple                          0x08000e41   Thumb Code    48  cdcmple.o(.text)
    __aeabi_cdrcmple                         0x08000e71   Thumb Code    48  cdrcmple.o(.text)
    __scatterload                            0x08000ea1   Thumb Code    28  init.o(.text)
    __scatterload_rt2                        0x08000ea1   Thumb Code     0  init.o(.text)
    __aeabi_lasr                             0x08000ec5   Thumb Code    36  llsshr.o(.text)
    _ll_sshift_r                             0x08000ec5   Thumb Code     0  llsshr.o(.text)
    isspace                                  0x08000ee9   Thumb Code    10  isspace_c.o(.text)
    __vfscanf                                0x08000ef5   Thumb Code   808  _scanf.o(.text)
    __ctype_lookup                           0x08001221   Thumb Code    34  ctype_c.o(.text)
    __decompress                             0x08001249   Thumb Code     0  __dczerorl2.o(.text)
    __decompress1                            0x08001249   Thumb Code    86  __dczerorl2.o(.text)
    SVC_Count                                0x080012a0   Data           4  svc_table.o(SVC_TABLE)
    EXTI0_IRQHandler                         0x080012a5   Thumb Code     6  stm32f4xx_it.o(i.EXTI0_IRQHandler)
    SVC_Table                                0x080012a4   Data           0  svc_table.o(SVC_TABLE)
    HAL_GPIO_EXTI_Callback                   0x080012b1   Thumb Code   392  accelerometer.o(i.HAL_GPIO_EXTI_Callback)
    HAL_GPIO_EXTI_IRQHandler                 0x08001489   Thumb Code    20  stm32f4xx_hal_gpio.o(i.HAL_GPIO_EXTI_IRQHandler)
    HAL_GPIO_Init                            0x080014a1   Thumb Code   568  stm32f4xx_hal_gpio.o(i.HAL_GPIO_Init)
    HAL_GPIO_ReadPin                         0x080016ed   Thumb Code    10  stm32f4xx_hal_gpio.o(i.HAL_GPIO_ReadPin)
    HAL_GPIO_TogglePin                       0x080016f7   Thumb Code     8  stm32f4xx_hal_gpio.o(i.HAL_GPIO_TogglePin)
    HAL_GPIO_WritePin                        0x080016ff   Thumb Code    10  stm32f4xx_hal_gpio.o(i.HAL_GPIO_WritePin)
    HAL_GetTick                              0x08001709   Thumb Code     6  main.o(i.HAL_GetTick)
    HAL_Init                                 0x08001715   Thumb Code    48  stm32f4xx_hal.o(i.HAL_Init)
    HAL_InitTick                             0x08001749   Thumb Code    34  stm32f4xx_hal.o(i.HAL_InitTick)
    HAL_MspInit                              0x0800176b   Thumb Code    10  stm32f4xx_hal.o(i.HAL_MspInit)
    HAL_NVIC_EnableIRQ                       0x08001775   Thumb Code    30  stm32f4xx_hal_cortex.o(i.HAL_NVIC_EnableIRQ)
    HAL_NVIC_SetPriority                     0x08001795   Thumb Code    96  stm32f4xx_hal_cortex.o(i.HAL_NVIC_SetPriority)
    HAL_NVIC_SetPriorityGrouping             0x080017f9   Thumb Code    30  stm32f4xx_hal_cortex.o(i.HAL_NVIC_SetPriorityGrouping)
    HAL_RCC_ClockConfig                      0x0800181d   Thumb Code   550  stm32f4xx_hal_rcc.o(i.HAL_RCC_ClockConfig)
    HAL_RCC_GetHCLKFreq                      0x08001a51   Thumb Code    38  stm32f4xx_hal_rcc.o(i.HAL_RCC_GetHCLKFreq)
    HAL_RCC_GetSysClockFreq                  0x08001a85   Thumb Code   132  stm32f4xx_hal_rcc.o(i.HAL_RCC_GetSysClockFreq)
    HAL_RCC_OscConfig                        0x08001b19   Thumb Code   912  stm32f4xx_hal_rcc.o(i.HAL_RCC_OscConfig)
    HAL_SPI_DeInit                           0x08001ed1   Thumb Code    42  stm32f4xx_hal_spi.o(i.HAL_SPI_DeInit)
    HAL_SPI_Init                             0x08001efb   Thumb Code   132  stm32f4xx_hal_spi.o(i.HAL_SPI_Init)
    HAL_SPI_MspDeInit                        0x08001f7f   Thumb Code     2  stm32f4xx_hal_spi.o(i.HAL_SPI_MspDeInit)
    HAL_SPI_MspInit                          0x08001f81   Thumb Code   166  lis3dsh.o(i.HAL_SPI_MspInit)
    HAL_SYSTICK_Config                       0x0800203d   Thumb Code    38  stm32f4xx_hal_cortex.o(i.HAL_SYSTICK_Config)
    HAL_TIM_PWM_ConfigChannel                0x08002069   Thumb Code   560  stm32f4xx_hal_tim.o(i.HAL_TIM_PWM_ConfigChannel)
    HAL_TIM_PWM_Init                         0x080022a1   Thumb Code    54  stm32f4xx_hal_tim.o(i.HAL_TIM_PWM_Init)
    HAL_TIM_PWM_MspInit                      0x080022d9   Thumb Code    68  tim.o(i.HAL_TIM_PWM_MspInit)
    HAL_TIM_PWM_Start                        0x08002329   Thumb Code    64  stm32f4xx_hal_tim.o(i.HAL_TIM_PWM_Start)
    HardFault_Handler                        0x08002369   Thumb Code     8  stm32f4xx_it.o(i.HardFault_Handler)
    LIS3DSH_DataReadyInterruptConfig         0x08002389   Thumb Code    46  lis3dsh.o(i.LIS3DSH_DataReadyInterruptConfig)
    LIS3DSH_Init                             0x080023b9   Thumb Code   154  lis3dsh.o(i.LIS3DSH_Init)
    LIS3DSH_Read                             0x08002485   Thumb Code    72  lis3dsh.o(i.LIS3DSH_Read)
    LIS3DSH_ReadACC                          0x080024d1   Thumb Code   378  lis3dsh.o(i.LIS3DSH_ReadACC)
    LIS3DSH_Write                            0x080026d9   Thumb Code    70  lis3dsh.o(i.LIS3DSH_Write)
    MX_GPIO_Init                             0x08002725   Thumb Code   512  gpio.o(i.MX_GPIO_Init)
    SystemInit                               0x08002945   Thumb Code    64  system_stm32f4xx.o(i.SystemInit)
    TIM_Base_SetConfig                       0x0800299d   Thumb Code   176  stm32f4xx_hal_tim.o(i.TIM_Base_SetConfig)
    Thread_Display                           0x08002a61   Thumb Code   260  threads.o(i.Thread_Display)
    Thread_Keypad                            0x08002b8d   Thumb Code    30  threads.o(i.Thread_Keypad)
    Thread_LED                               0x08002bb1   Thumb Code   216  threads.o(i.Thread_LED)
    __0printf                                0x08002cb1   Thumb Code    22  printfa.o(i.__0printf)
    __1printf                                0x08002cb1   Thumb Code     0  printfa.o(i.__0printf)
    __2printf                                0x08002cb1   Thumb Code     0  printfa.o(i.__0printf)
    __c89printf                              0x08002cb1   Thumb Code     0  printfa.o(i.__0printf)
    printf                                   0x08002cb1   Thumb Code     0  printfa.o(i.__0printf)
    __0snprintf                              0x08002cd1   Thumb Code    44  printfa.o(i.__0snprintf)
    __1snprintf                              0x08002cd1   Thumb Code     0  printfa.o(i.__0snprintf)
    __2snprintf                              0x08002cd1   Thumb Code     0  printfa.o(i.__0snprintf)
    __c89snprintf                            0x08002cd1   Thumb Code     0  printfa.o(i.__0snprintf)
    snprintf                                 0x08002cd1   Thumb Code     0  printfa.o(i.__0snprintf)
    __0sprintf                               0x08002d01   Thumb Code    34  printfa.o(i.__0sprintf)
    __1sprintf                               0x08002d01   Thumb Code     0  printfa.o(i.__0sprintf)
    __2sprintf                               0x08002d01   Thumb Code     0  printfa.o(i.__0sprintf)
    __c89sprintf                             0x08002d01   Thumb Code     0  printfa.o(i.__0sprintf)
    sprintf                                  0x08002d01   Thumb Code     0  printfa.o(i.__0sprintf)
    __ARM_fpclassifyf                        0x08002d29   Thumb Code    38  fpclassifyf.o(i.__ARM_fpclassifyf)
    __hardfp_atan2f                          0x08002d51   Thumb Code   502  atan2f.o(i.__hardfp_atan2f)
    __hardfp_round                           0x08002fa1   Thumb Code   194  round.o(i.__hardfp_round)
    __hardfp_sqrtf                           0x08003081   Thumb Code    58  sqrtf_full.o(i.__hardfp_sqrtf)
    __mathlib_flt_infnan2                    0x080030bb   Thumb Code     6  funder.o(i.__mathlib_flt_infnan2)
    __mathlib_flt_underflow                  0x080030c1   Thumb Code    10  funder.o(i.__mathlib_flt_underflow)
    __scatterload_copy                       0x080030d1   Thumb Code    14  handlers.o(i.__scatterload_copy)
    __scatterload_null                       0x080030df   Thumb Code     2  handlers.o(i.__scatterload_null)
    __scatterload_zeroinit                   0x080030e1   Thumb Code    14  handlers.o(i.__scatterload_zeroinit)
    __set_errno                              0x080030f1   Thumb Code     6  errno.o(i.__set_errno)
    _init_box                                0x08003281   Thumb Code    70  rt_membox.o(i._init_box)
    dbg_init                                 0x08003a19   Thumb Code    34  hal_cm.o(i.dbg_init)
    dbg_task_notify                          0x08003a49   Thumb Code    32  hal_cm.o(i.dbg_task_notify)
    dbg_task_switch                          0x08003a69   Thumb Code    16  hal_cm.o(i.dbg_task_switch)
    displayDigits                            0x08003a79   Thumb Code   370  display.o(i.displayDigits)
    filter                                   0x08003bfd   Thumb Code   370  filter.o(i.filter)
    fputc                                    0x08003d81   Thumb Code    44  fput_debug.o(i.fputc)
    initTimer                                0x08003db5   Thumb Code   218  tim.o(i.initTimer)
    initializeAccelerometer                  0x08003eb1   Thumb Code    68  accelerometer.o(i.initializeAccelerometer)
    isrMessageGet                            0x08003efd   Thumb Code    42  rt_cmsis.o(i.isrMessageGet)
    isrMessagePut                            0x08003f27   Thumb Code    44  rt_cmsis.o(i.isrMessagePut)
    isrSemaphoreRelease                      0x08003f53   Thumb Code    40  rt_cmsis.o(i.isrSemaphoreRelease)
    isrSignalSet                             0x08003f7b   Thumb Code    36  rt_cmsis.o(i.isrSignalSet)
    isr_evt_set                              0x08003fa1   Thumb Code    34  rt_event.o(i.isr_evt_set)
    isr_mbx_receive                          0x08003fc9   Thumb Code    86  rt_mailbox.o(i.isr_mbx_receive)
    isr_mbx_send                             0x0800401f   Thumb Code    14  rt_mailbox.o(i.isr_mbx_send)
    isr_sem_send                             0x0800402d   Thumb Code    16  rt_semaphore.o(i.isr_sem_send)
    main                                     0x0800403d   Thumb Code   138  main.o(i.main)
    osDelay                                  0x080040d1   Thumb Code    18  rt_cmsis.o(i.osDelay)
    osKernelInitialize                       0x080040e9   Thumb Code    30  rt_cmsis.o(i.osKernelInitialize)
    osKernelStart                            0x0800410d   Thumb Code    98  rt_cmsis.o(i.osKernelStart)
    osMessageGet                             0x08004179   Thumb Code    18  rt_cmsis.o(i.osMessageGet)
    osSemaphoreCreate                        0x08004191   Thumb Code    36  rt_cmsis.o(i.osSemaphoreCreate)
    osSemaphoreRelease                       0x080041bd   Thumb Code    18  rt_cmsis.o(i.osSemaphoreRelease)
    osSemaphoreWait                          0x080041d5   Thumb Code    20  rt_cmsis.o(i.osSemaphoreWait)
    osSignalSet                              0x080041ed   Thumb Code    18  rt_cmsis.o(i.osSignalSet)
    osThreadCreate                           0x08004205   Thumb Code    36  rt_cmsis.o(i.osThreadCreate)
    osThreadExit                             0x08004231   Thumb Code    14  rt_cmsis.o(i.osThreadExit)
    osTimerCall                              0x08004249   Thumb Code     8  rt_cmsis.o(i.osTimerCall)
    osTimerThread                            0x08004255   Thumb Code    38  rt_cmsis.o(i.osTimerThread)
    os_error                                 0x08004281   Thumb Code     2  rtx_conf_cm.o(i.os_error)
    os_idle_demon                            0x08004283   Thumb Code     2  rtx_conf_cm.o(i.os_idle_demon)
    os_tick_init                             0x08004285   Thumb Code    32  rt_system.o(i.os_tick_init)
    os_tick_irqack                           0x080042ad   Thumb Code     2  rt_system.o(i.os_tick_irqack)
    printState                               0x080042b1   Thumb Code    56  state_machine.o(i.printState)
    readInput                                0x08004385   Thumb Code   576  keypad.o(i.readInput)
    resetDisplay                             0x080045d9   Thumb Code    92  display.o(i.resetDisplay)
    rt_alloc_box                             0x08004639   Thumb Code    26  rt_membox.o(i.rt_alloc_box)
    rt_alloc_mem                             0x08004653   Thumb Code    62  rt_memory.o(i.rt_alloc_mem)
    rt_block                                 0x08004691   Thumb Code    48  rt_task.o(i.rt_block)
    rt_chk_robin                             0x080046c9   Thumb Code    60  rt_robin.o(i.rt_chk_robin)
    rt_dec_dly                               0x08004711   Thumb Code   102  rt_list.o(i.rt_dec_dly)
    rt_dispatch                              0x08004781   Thumb Code    60  rt_task.o(i.rt_dispatch)
    rt_dly_wait                              0x080047c5   Thumb Code     6  rt_time.o(i.rt_dly_wait)
    rt_evt_psh                               0x080047cd   Thumb Code    76  rt_event.o(i.rt_evt_psh)
    rt_evt_set                               0x0800481d   Thumb Code    88  rt_event.o(i.rt_evt_set)
    rt_free_box                              0x08004879   Thumb Code    44  rt_membox.o(i.rt_free_box)
    rt_free_mem                              0x080048a5   Thumb Code    40  rt_memory.o(i.rt_free_mem)
    rt_get_first                             0x080048cd   Thumb Code    40  rt_list.o(i.rt_get_first)
    rt_init_mem                              0x08004945   Thumb Code    26  rt_memory.o(i.rt_init_mem)
    rt_init_robin                            0x08004961   Thumb Code    14  rt_robin.o(i.rt_init_robin)
    rt_init_stack                            0x08004979   Thumb Code   118  hal_cm.o(i.rt_init_stack)
    rt_mbx_check                             0x080049f9   Thumb Code     8  rt_mailbox.o(i.rt_mbx_check)
    rt_mbx_init                              0x08004a01   Thumb Code    26  rt_mailbox.o(i.rt_mbx_init)
    rt_mbx_psh                               0x08004a1d   Thumb Code   236  rt_mailbox.o(i.rt_mbx_psh)
    rt_mbx_wait                              0x08004b0d   Thumb Code   174  rt_mailbox.o(i.rt_mbx_wait)
    rt_pop_req                               0x08004c05   Thumb Code   112  rt_system.o(i.rt_pop_req)
    rt_psh_req                               0x08004c81   Thumb Code    22  rt_system.o(i.rt_psh_req)
    rt_psq_enq                               0x08004ca1   Thumb Code    88  rt_list.o(i.rt_psq_enq)
    rt_put_dly                               0x08004cfd   Thumb Code    68  rt_list.o(i.rt_put_dly)
    rt_put_prio                              0x08004d45   Thumb Code    54  rt_list.o(i.rt_put_prio)
    rt_put_rdy_first                         0x08004d7d   Thumb Code    14  rt_list.o(i.rt_put_rdy_first)
    rt_resort_prio                           0x08004d91   Thumb Code    46  rt_list.o(i.rt_resort_prio)
    rt_ret_val                               0x08004dd5   Thumb Code    12  hal_cm.o(i.rt_ret_val)
    rt_ret_val2                              0x08004de1   Thumb Code    16  hal_cm.o(i.rt_ret_val2)
    rt_rmv_dly                               0x08004df1   Thumb Code    40  rt_list.o(i.rt_rmv_dly)
    rt_rmv_list                              0x08004e19   Thumb Code    44  rt_list.o(i.rt_rmv_list)
    rt_sem_init                              0x08004e49   Thumb Code    12  rt_semaphore.o(i.rt_sem_init)
    rt_sem_psh                               0x08004e55   Thumb Code    48  rt_semaphore.o(i.rt_sem_psh)
    rt_sem_send                              0x08004e89   Thumb Code    42  rt_semaphore.o(i.rt_sem_send)
    rt_sem_wait                              0x08004eb5   Thumb Code    58  rt_semaphore.o(i.rt_sem_wait)
    rt_stk_check                             0x08004ef5   Thumb Code    28  rt_system.o(i.rt_stk_check)
    rt_switch_req                            0x08004f19   Thumb Code    30  rt_task.o(i.rt_switch_req)
    rt_sys_init                              0x08004f41   Thumb Code   138  rt_task.o(i.rt_sys_init)
    rt_sys_start                             0x0800500d   Thumb Code   110  rt_task.o(i.rt_sys_start)
    rt_systick                               0x08005085   Thumb Code    50  rt_system.o(i.rt_systick)
    rt_tsk_create                            0x0800510d   Thumb Code   118  rt_task.o(i.rt_tsk_create)
    rt_tsk_delete                            0x08005195   Thumb Code   352  rt_task.o(i.rt_tsk_delete)
    rt_tsk_prio                              0x08005311   Thumb Code   108  rt_task.o(i.rt_tsk_prio)
    rt_tsk_self                              0x0800538d   Thumb Code    12  rt_task.o(i.rt_tsk_self)
    setDisplay                               0x0800539d   Thumb Code   218  display.o(i.setDisplay)
    setEvent                                 0x0800547d   Thumb Code   156  state_machine.o(i.setEvent)
    setLedIntensityPitch                     0x080055b1   Thumb Code    62  tim.o(i.setLedIntensityPitch)
    setLedIntensityRoll                      0x08005601   Thumb Code    62  tim.o(i.setLedIntensityRoll)
    setPressType                             0x08005651   Thumb Code    54  state_machine.o(i.setPressType)
    set_state                                0x080056c5   Thumb Code   568  state_machine.o(i.set_state)
    start_Threads                            0x08005a21   Thumb Code    44  threads.o(i.start_Threads)
    svcDelay                                 0x08005a61   Thumb Code    18  rt_cmsis.o(i.svcDelay)
    svcKernelInitialize                      0x08005a75   Thumb Code    80  rt_cmsis.o(i.svcKernelInitialize)
    svcKernelStart                           0x08005ae5   Thumb Code    62  rt_cmsis.o(i.svcKernelStart)
    svcMessageCreate                         0x08005b2d   Thumb Code    36  rt_cmsis.o(i.svcMessageCreate)
    svcMessageGet                            0x08005b51   Thumb Code    58  rt_cmsis.o(i.svcMessageGet)
    svcSemaphoreCreate                       0x08005b8b   Thumb Code    36  rt_cmsis.o(i.svcSemaphoreCreate)
    svcSemaphoreRelease                      0x08005baf   Thumb Code    40  rt_cmsis.o(i.svcSemaphoreRelease)
    svcSemaphoreWait                         0x08005bd7   Thumb Code    50  rt_cmsis.o(i.svcSemaphoreWait)
    svcSignalSet                             0x08005c09   Thumb Code    36  rt_cmsis.o(i.svcSignalSet)
    svcThreadCreate                          0x08005c2d   Thumb Code    96  rt_cmsis.o(i.svcThreadCreate)
    svcThreadGetId                           0x08005c99   Thumb Code    22  rt_cmsis.o(i.svcThreadGetId)
    svcThreadTerminate                       0x08005cb5   Thumb Code    50  rt_cmsis.o(i.svcThreadTerminate)
    svcTimerCall                             0x08005ced   Thumb Code    24  rt_cmsis.o(i.svcTimerCall)
    sysTimerTick                             0x08005d05   Thumb Code    84  rt_cmsis.o(i.sysTimerTick)
    updateAngle                              0x08005d61   Thumb Code    64  state_machine.o(i.updateAngle)
    updateState                              0x08005db5   Thumb Code    76  state_machine.o(i.updateState)
    os_semaphore_def_state_sem               0x08005e30   Data           4  threads.o(.constdata)
    os_thread_def_Thread_Display             0x08005e34   Data          16  threads.o(.constdata)
    os_thread_def_Thread_LED                 0x08005e44   Data          16  threads.o(.constdata)
    os_thread_def_Thread_Keypad              0x08005e54   Data          16  threads.o(.constdata)
    os_maxtaskrun                            0x08005e74   Data           2  rtx_conf_cm.o(.constdata)
    os_stackinfo                             0x08005e78   Data           4  rtx_conf_cm.o(.constdata)
    os_rrobin                                0x08005e7c   Data           4  rtx_conf_cm.o(.constdata)
    os_trv                                   0x08005e80   Data           4  rtx_conf_cm.o(.constdata)
    os_flags                                 0x08005e84   Data           1  rtx_conf_cm.o(.constdata)
    CMSIS_RTOS_API_Version                   0x08005e88   Data           4  rtx_conf_cm.o(.constdata)
    CMSIS_RTOS_RTX_Version                   0x08005e8c   Data           4  rtx_conf_cm.o(.constdata)
    os_clockrate                             0x08005e90   Data           4  rtx_conf_cm.o(.constdata)
    os_timernum                              0x08005e94   Data           4  rtx_conf_cm.o(.constdata)
    os_thread_def_main                       0x08005e98   Data          16  rtx_conf_cm.o(.constdata)
    mp_tcb_size                              0x08005ea8   Data           2  rtx_conf_cm.o(.constdata)
    mp_stk_size                              0x08005eac   Data           4  rtx_conf_cm.o(.constdata)
    os_stack_sz                              0x08005eb0   Data           4  rtx_conf_cm.o(.constdata)
    os_fifo_size                             0x08005eb4   Data           1  rtx_conf_cm.o(.constdata)
    os_thread_def_osTimerThread              0x08005eb8   Data          16  rtx_conf_cm.o(.constdata)
    os_messageQ_def_osTimerMessageQ          0x08005ec8   Data           8  rtx_conf_cm.o(.constdata)
    mp_tmr_size                              0x08005ed0   Data           2  rtx_conf_cm.o(.constdata)
    APBAHBPrescTable                         0x08005ed2   Data          16  stm32f4xx_hal_rcc.o(.constdata)
    __ctype_categories                       0x08005ee2   Data          64  ctype_c.o(.constdata)
    Region$$Table$$Base                      0x08005f68   Number         0  anon$$obj.o(Region$$Table)
    Region$$Table$$Limit                     0x08005f88   Number         0  anon$$obj.o(Region$$Table)
    os_semaphore_cb_state_sem                0x20000000   Data           8  threads.o(.data)
    state_sem                                0x20000008   Data           4  threads.o(.data)
    tid_Thread_Display                       0x2000000c   Data           4  threads.o(.data)
    tid_Thread_Keypad                        0x20000010   Data           4  threads.o(.data)
    tid_Thread_LED                           0x20000014   Data           4  threads.o(.data)
    LIS3DSHTimeout                           0x20000018   Data           4  lis3dsh.o(.data)
    Acc_interruptConfig                      0x2000001c   Data           3  accelerometer.o(.data)
    roll                                     0x20000020   Data           4  accelerometer.o(.data)
    pitch                                    0x20000024   Data           4  accelerometer.o(.data)
    counter                                  0x20000028   Data           4  accelerometer.o(.data)
    Acc_instance                             0x2000002c   Data           6  accelerometer.o(.data)
    IN                                       0x20000034   Data           8  accelerometer.o(.data)
    CAL                                      0x2000003c   Data           8  accelerometer.o(.data)
    OUT                                      0x20000044   Data           8  accelerometer.o(.data)
    calibrationData                          0x2000004c   Data          48  accelerometer.o(.data)
    NUMBER_0                                 0x2000007c   Data          28  display.o(.data)
    NUMBER_1                                 0x20000098   Data          28  display.o(.data)
    NUMBER_2                                 0x200000b4   Data          28  display.o(.data)
    NUMBER_3                                 0x200000d0   Data          28  display.o(.data)
    NUMBER_4                                 0x200000ec   Data          28  display.o(.data)
    NUMBER_5                                 0x20000108   Data          28  display.o(.data)
    NUMBER_6                                 0x20000124   Data          28  display.o(.data)
    NUMBER_7                                 0x20000140   Data          28  display.o(.data)
    NUMBER_8                                 0x2000015c   Data          28  display.o(.data)
    NUMBER_9                                 0x20000178   Data          28  display.o(.data)
    NUMBERS                                  0x2000019c   Data          40  display.o(.data)
    column                                   0x20000200   Data           4  keypad.o(.data)
    row                                      0x20000204   Data           4  keypad.o(.data)
    keypressed                               0x20000208   Data           4  keypad.o(.data)
    key                                      0x2000020c   Data           4  keypad.o(.data)
    keypad_counter                           0x20000210   Data           4  keypad.o(.data)
    state                                    0x2000021c   Data           1  state_machine.o(.data)
    next_state                               0x2000021d   Data           1  state_machine.o(.data)
    press_type                               0x2000021e   Data           1  state_machine.o(.data)
    event                                    0x2000021f   Data           1  state_machine.o(.data)
    roll_pointer                             0x20000220   Data           4  state_machine.o(.data)
    pitch_pointer                            0x20000224   Data           4  state_machine.o(.data)
    target_roll                              0x20000228   Data           4  state_machine.o(.data)
    target_pitch                             0x2000022c   Data           4  state_machine.o(.data)
    period                                   0x20000230   Data           4  tim.o(.data)
    m_tmr                                    0x20000234   Data           4  rtx_conf_cm.o(.data)
    osThreadId_osTimerThread                 0x20000238   Data           4  rtx_conf_cm.o(.data)
    osMessageQId_osTimerMessageQ             0x2000023c   Data           4  rtx_conf_cm.o(.data)
    SystemCoreClock                          0x20000240   Data           4  system_stm32f4xx.o(.data)
    os_initialized                           0x20000244   Data           1  rt_cmsis.o(.data)
    os_running                               0x20000245   Data           1  rt_cmsis.o(.data)
    os_timer_head                            0x20000248   Data           4  rt_cmsis.o(.data)
    os_time                                  0x2000024c   Data           4  rt_time.o(.data)
    os_tsk                                   0x20000250   Data           8  rt_task.o(.data)
    os_tick_irqn                             0x2000025c   Data           4  rt_system.o(.data)
    dbg_msg                                  0x20000260   Data           1  hal_cm.o(.data)
    os_robin                                 0x20000264   Data           8  rt_robin.o(.data)
    __stdout                                 0x2000026c   Data           4  stdout.o(.data)
    SpiHandle                                0x20000274   Data          88  lis3dsh.o(.bss)
    output                                   0x200002cc   Data          12  accelerometer.o(.bss)
    columns                                  0x20000308   Data          12  keypad.o(.bss)
    rows                                     0x20000314   Data          16  keypad.o(.bss)
    roll_buf                                 0x20000324   Data          10  state_machine.o(.bss)
    pitch_buf                                0x2000032e   Data          10  state_machine.o(.bss)
    tim4handle                               0x20000338   Data          60  tim.o(.bss)
    pwmConf                                  0x20000374   Data          28  tim.o(.bss)
    tim4Config                               0x20000390   Data          20  tim.o(.bss)
    os_messageQ_q_osTimerMessageQ            0x200003a4   Data          32  rtx_conf_cm.o(.bss)
    mp_tcb                                   0x200003c4   Data         480  rtx_conf_cm.o(.bss)
    mp_stk                                   0x200005a8   Data        8208  rtx_conf_cm.o(.bss)
    os_stack_mem                             0x200025b8   Data        1256  rtx_conf_cm.o(.bss)
    os_fifo                                  0x20002aa0   Data         132  rtx_conf_cm.o(.bss)
    os_active_TCB                            0x20002b24   Data          36  rtx_conf_cm.o(.bss)
    os_idle_TCB                              0x20002b48   Data          52  rt_task.o(.bss)
    os_rdy                                   0x20002b7c   Data          24  rt_list.o(.bss)
    os_dly                                   0x20002b94   Data          24  rt_list.o(.bss)
    __initial_sp                             0x20002fb0   Data           0  startup_stm32f407xx.o(STACK)



==============================================================================

Memory Map of the image

  Image Entry point : 0x08000189

  Load Region LR_IROM1 (Base: 0x08000000, Size: 0x000061fc, Max: 0x00100000, ABSOLUTE, COMPRESSED[0x0000603c])

    Execution Region ER_IROM1 (Exec base: 0x08000000, Load base: 0x08000000, Size: 0x00005f88, Max: 0x00100000, ABSOLUTE)

    Exec Addr    Load Addr    Size         Type   Attr      Idx    E Section Name        Object

    0x08000000   0x08000000   0x00000188   Data   RO         3386    RESET               startup_stm32f407xx.o
    0x08000188   0x08000188   0x00000000   Code   RO         4763  * .ARM.Collect$$$$00000000  mc_w.l(entry.o)
    0x08000188   0x08000188   0x00000004   Code   RO         5059    .ARM.Collect$$$$00000001  mc_w.l(entry2.o)
    0x0800018c   0x0800018c   0x00000004   Code   RO         5062    .ARM.Collect$$$$00000004  mc_w.l(entry5.o)
    0x08000190   0x08000190   0x00000000   Code   RO         5064    .ARM.Collect$$$$00000008  mc_w.l(entry7b.o)
    0x08000190   0x08000190   0x00000000   Code   RO         5066    .ARM.Collect$$$$0000000A  mc_w.l(entry8b.o)
    0x08000190   0x08000190   0x00000000   Code   RO         5067    .ARM.Collect$$$$0000000D  mc_w.l(entry10a.o)
    0x08000190   0x08000190   0x00000000   Code   RO         5069    .ARM.Collect$$$$0000000F  mc_w.l(entry11a.o)
    0x08000190   0x08000190   0x00000018   Code   RO          816    .ARM.Collect$$$$000000FF  rtx_conf_cm.o
    0x080001a8   0x080001a8   0x00000004   Code   RO         5060    .ARM.Collect$$$$00002712  mc_w.l(entry2.o)
    0x080001ac   0x080001ac   0x00000198   Code   RO         4722    .emb_text           RTX_CM4.lib(hal_cm4.o)
    0x08000344   0x08000344   0x00000024   Code   RO         3387    .text               startup_stm32f407xx.o
    0x08000368   0x08000368   0x0000014c   Code   RO         3431    .text               arm_cortexM4lf_math.lib(arm_biquad_cascade_df1_f32.o)
    0x080004b4   0x080004b4   0x00000008   Code   RO         3477    .text               arm_cortexM4lf_math.lib(arm_mat_init_f32.o)
    0x080004bc   0x080004bc   0x0000013c   Code   RO         3501    .text               arm_cortexM4lf_math.lib(arm_mat_mult_f32.o)
    0x080005f8   0x080005f8   0x00000062   Code   RO         4766    .text               mc_w.l(uldiv.o)
    0x0800065a   0x0800065a   0x00000002   PAD
    0x0800065c   0x0800065c   0x00000038   Code   RO         5029    .text               mc_w.l(__0sscanf.o)
    0x08000694   0x08000694   0x0000014c   Code   RO         5031    .text               mc_w.l(_scanf_int.o)
    0x080007e0   0x080007e0   0x000000e4   Code   RO         5033    .text               mf_w.l(dmul.o)
    0x080008c4   0x080008c4   0x000000de   Code   RO         5035    .text               mf_w.l(ddiv.o)
    0x080009a2   0x080009a2   0x00000022   Code   RO         5037    .text               mf_w.l(dflti.o)
    0x080009c4   0x080009c4   0x00000026   Code   RO         5039    .text               mf_w.l(f2d.o)
    0x080009ea   0x080009ea   0x00000038   Code   RO         5041    .text               mf_w.l(d2f.o)
    0x08000a22   0x08000a22   0x0000002c   Code   RO         5072    .text               mc_w.l(uidiv.o)
    0x08000a4e   0x08000a4e   0x0000001e   Code   RO         5074    .text               mc_w.l(llshl.o)
    0x08000a6c   0x08000a6c   0x00000020   Code   RO         5076    .text               mc_w.l(llushr.o)
    0x08000a8c   0x08000a8c   0x0000001c   Code   RO         5085    .text               mc_w.l(_chval.o)
    0x08000aa8   0x08000aa8   0x00000028   Code   RO         5087    .text               mc_w.l(scanf_char.o)
    0x08000ad0   0x08000ad0   0x00000040   Code   RO         5089    .text               mc_w.l(_sgetc.o)
    0x08000b10   0x08000b10   0x00000000   Code   RO         5091    .text               mc_w.l(iusefp.o)
    0x08000b10   0x08000b10   0x0000006e   Code   RO         5092    .text               mf_w.l(fepilogue.o)
    0x08000b7e   0x08000b7e   0x000000ba   Code   RO         5094    .text               mf_w.l(depilogue.o)
    0x08000c38   0x08000c38   0x0000014e   Code   RO         5096    .text               mf_w.l(dadd.o)
    0x08000d86   0x08000d86   0x00000002   PAD
    0x08000d88   0x08000d88   0x00000088   Code   RO         5098    .text               mf_w.l(drnd.o)
    0x08000e10   0x08000e10   0x00000030   Code   RO         5100    .text               mf_w.l(dfixul.o)
    0x08000e40   0x08000e40   0x00000030   Code   RO         5102    .text               mf_w.l(cdcmple.o)
    0x08000e70   0x08000e70   0x00000030   Code   RO         5104    .text               mf_w.l(cdrcmple.o)
    0x08000ea0   0x08000ea0   0x00000024   Code   RO         5106    .text               mc_w.l(init.o)
    0x08000ec4   0x08000ec4   0x00000024   Code   RO         5108    .text               mc_w.l(llsshr.o)
    0x08000ee8   0x08000ee8   0x0000000a   Code   RO         5110    .text               mc_w.l(isspace_c.o)
    0x08000ef2   0x08000ef2   0x00000002   PAD
    0x08000ef4   0x08000ef4   0x0000032c   Code   RO         5112    .text               mc_w.l(_scanf.o)
    0x08001220   0x08001220   0x00000028   Code   RO         5114    .text               mc_w.l(ctype_c.o)
    0x08001248   0x08001248   0x00000056   Code   RO         5125    .text               mc_w.l(__dczerorl2.o)
    0x0800129e   0x0800129e   0x00000002   PAD
    0x080012a0   0x080012a0   0x00000004   Code   RO         4732    SVC_TABLE           RTX_CM4.lib(svc_table.o)
    0x080012a4   0x080012a4   0x00000006   Code   RO          280    i.EXTI0_IRQHandler  stm32f4xx_it.o
    0x080012aa   0x080012aa   0x00000006   PAD
    0x080012b0   0x080012b0   0x000001d8   Code   RO          479    i.HAL_GPIO_EXTI_Callback  accelerometer.o
    0x08001488   0x08001488   0x00000018   Code   RO         1522    i.HAL_GPIO_EXTI_IRQHandler  stm32f4xx_hal_gpio.o
    0x080014a0   0x080014a0   0x0000024c   Code   RO         1523    i.HAL_GPIO_Init     stm32f4xx_hal_gpio.o
    0x080016ec   0x080016ec   0x0000000a   Code   RO         1525    i.HAL_GPIO_ReadPin  stm32f4xx_hal_gpio.o
    0x080016f6   0x080016f6   0x00000008   Code   RO         1526    i.HAL_GPIO_TogglePin  stm32f4xx_hal_gpio.o
    0x080016fe   0x080016fe   0x0000000a   Code   RO         1527    i.HAL_GPIO_WritePin  stm32f4xx_hal_gpio.o
    0x08001708   0x08001708   0x0000000c   Code   RO            4    i.HAL_GetTick       main.o
    0x08001714   0x08001714   0x00000034   Code   RO          892    i.HAL_Init          stm32f4xx_hal.o
    0x08001748   0x08001748   0x00000022   Code   RO          893    i.HAL_InitTick      stm32f4xx_hal.o
    0x0800176a   0x0800176a   0x0000000a   Code   RO          895    i.HAL_MspInit       stm32f4xx_hal.o
    0x08001774   0x08001774   0x0000001e   Code   RO         1296    i.HAL_NVIC_EnableIRQ  stm32f4xx_hal_cortex.o
    0x08001792   0x08001792   0x00000002   PAD
    0x08001794   0x08001794   0x00000064   Code   RO         1302    i.HAL_NVIC_SetPriority  stm32f4xx_hal_cortex.o
    0x080017f8   0x080017f8   0x00000024   Code   RO         1303    i.HAL_NVIC_SetPriorityGrouping  stm32f4xx_hal_cortex.o
    0x0800181c   0x0800181c   0x00000234   Code   RO         1761    i.HAL_RCC_ClockConfig  stm32f4xx_hal_rcc.o
    0x08001a50   0x08001a50   0x00000034   Code   RO         1766    i.HAL_RCC_GetHCLKFreq  stm32f4xx_hal_rcc.o
    0x08001a84   0x08001a84   0x00000094   Code   RO         1770    i.HAL_RCC_GetSysClockFreq  stm32f4xx_hal_rcc.o
    0x08001b18   0x08001b18   0x000003b8   Code   RO         1773    i.HAL_RCC_OscConfig  stm32f4xx_hal_rcc.o
    0x08001ed0   0x08001ed0   0x0000002a   Code   RO         1904    i.HAL_SPI_DeInit    stm32f4xx_hal_spi.o
    0x08001efa   0x08001efa   0x00000084   Code   RO         1909    i.HAL_SPI_Init      stm32f4xx_hal_spi.o
    0x08001f7e   0x08001f7e   0x00000002   Code   RO         1910    i.HAL_SPI_MspDeInit  stm32f4xx_hal_spi.o
    0x08001f80   0x08001f80   0x000000bc   Code   RO          379    i.HAL_SPI_MspInit   lis3dsh.o
    0x0800203c   0x0800203c   0x0000002c   Code   RO         1307    i.HAL_SYSTICK_Config  stm32f4xx_hal_cortex.o
    0x08002068   0x08002068   0x00000238   Code   RO         2202    i.HAL_TIM_PWM_ConfigChannel  stm32f4xx_hal_tim.o
    0x080022a0   0x080022a0   0x00000036   Code   RO         2205    i.HAL_TIM_PWM_Init  stm32f4xx_hal_tim.o
    0x080022d6   0x080022d6   0x00000002   PAD
    0x080022d8   0x080022d8   0x00000050   Code   RO          734    i.HAL_TIM_PWM_MspInit  tim.o
    0x08002328   0x08002328   0x00000040   Code   RO         2209    i.HAL_TIM_PWM_Start  stm32f4xx_hal_tim.o
    0x08002368   0x08002368   0x00000020   Code   RO          281    i.HardFault_Handler  stm32f4xx_it.o
    0x08002388   0x08002388   0x0000002e   Code   RO          381    i.LIS3DSH_DataReadyInterruptConfig  lis3dsh.o
    0x080023b6   0x080023b6   0x00000002   PAD
    0x080023b8   0x080023b8   0x000000cc   Code   RO          383    i.LIS3DSH_Init      lis3dsh.o
    0x08002484   0x08002484   0x0000004c   Code   RO          385    i.LIS3DSH_Read      lis3dsh.o
    0x080024d0   0x080024d0   0x000001a8   Code   RO          386    i.LIS3DSH_ReadACC   lis3dsh.o
    0x08002678   0x08002678   0x00000060   Code   RO          387    i.LIS3DSH_SendByte  lis3dsh.o
    0x080026d8   0x080026d8   0x0000004c   Code   RO          389    i.LIS3DSH_Write     lis3dsh.o
    0x08002724   0x08002724   0x00000220   Code   RO          789    i.MX_GPIO_Init      gpio.o
    0x08002944   0x08002944   0x00000058   Code   RO         3395    i.SystemInit        system_stm32f4xx.o
    0x0800299c   0x0800299c   0x000000c4   Code   RO         2220    i.TIM_Base_SetConfig  stm32f4xx_hal_tim.o
    0x08002a60   0x08002a60   0x0000012c   Code   RO          317    i.Thread_Display    threads.o
    0x08002b8c   0x08002b8c   0x00000024   Code   RO          318    i.Thread_Keypad     threads.o
    0x08002bb0   0x08002bb0   0x00000100   Code   RO          319    i.Thread_LED        threads.o
    0x08002cb0   0x08002cb0   0x00000020   Code   RO         5001    i.__0printf         mc_w.l(printfa.o)
    0x08002cd0   0x08002cd0   0x00000030   Code   RO         5002    i.__0snprintf       mc_w.l(printfa.o)
    0x08002d00   0x08002d00   0x00000028   Code   RO         5003    i.__0sprintf        mc_w.l(printfa.o)
    0x08002d28   0x08002d28   0x00000026   Code   RO         5043    i.__ARM_fpclassifyf  m_wm.l(fpclassifyf.o)
    0x08002d4e   0x08002d4e   0x00000002   PAD
    0x08002d50   0x08002d50   0x00000250   Code   RO         4735    i.__hardfp_atan2f   m_wm.l(atan2f.o)
    0x08002fa0   0x08002fa0   0x000000e0   Code   RO         4747    i.__hardfp_round    m_wm.l(round.o)
    0x08003080   0x08003080   0x0000003a   Code   RO         4751    i.__hardfp_sqrtf    m_wm.l(sqrtf_full.o)
    0x080030ba   0x080030ba   0x00000006   Code   RO         5047    i.__mathlib_flt_infnan2  m_wm.l(funder.o)
    0x080030c0   0x080030c0   0x00000010   Code   RO         5051    i.__mathlib_flt_underflow  m_wm.l(funder.o)
    0x080030d0   0x080030d0   0x0000000e   Code   RO         5119    i.__scatterload_copy  mc_w.l(handlers.o)
    0x080030de   0x080030de   0x00000002   Code   RO         5120    i.__scatterload_null  mc_w.l(handlers.o)
    0x080030e0   0x080030e0   0x0000000e   Code   RO         5121    i.__scatterload_zeroinit  mc_w.l(handlers.o)
    0x080030ee   0x080030ee   0x00000002   PAD
    0x080030f0   0x080030f0   0x0000000c   Code   RO         5080    i.__set_errno       mc_w.l(errno.o)
    0x080030fc   0x080030fc   0x00000184   Code   RO         5008    i._fp_digits        mc_w.l(printfa.o)
    0x08003280   0x08003280   0x00000046   Code   RO         4595    i._init_box         RTX_CM4.lib(rt_membox.o)
    0x080032c6   0x080032c6   0x00000002   PAD
    0x080032c8   0x080032c8   0x000006dc   Code   RO         5009    i._printf_core      mc_w.l(printfa.o)
    0x080039a4   0x080039a4   0x00000024   Code   RO         5010    i._printf_post_padding  mc_w.l(printfa.o)
    0x080039c8   0x080039c8   0x0000002e   Code   RO         5011    i._printf_pre_padding  mc_w.l(printfa.o)
    0x080039f6   0x080039f6   0x00000016   Code   RO         5012    i._snputc           mc_w.l(printfa.o)
    0x08003a0c   0x08003a0c   0x0000000a   Code   RO         5013    i._sputc            mc_w.l(printfa.o)
    0x08003a16   0x08003a16   0x00000002   PAD
    0x08003a18   0x08003a18   0x00000030   Code   RO         4648    i.dbg_init          RTX_CM4.lib(hal_cm.o)
    0x08003a48   0x08003a48   0x00000020   Code   RO         4649    i.dbg_task_notify   RTX_CM4.lib(hal_cm.o)
    0x08003a68   0x08003a68   0x00000010   Code   RO         4650    i.dbg_task_switch   RTX_CM4.lib(hal_cm.o)
    0x08003a78   0x08003a78   0x00000184   Code   RO          525    i.displayDigits     display.o
    0x08003bfc   0x08003bfc   0x00000184   Code   RO          579    i.filter            filter.o
    0x08003d80   0x08003d80   0x00000034   Code   RO          252    i.fputc             fput_debug.o
    0x08003db4   0x08003db4   0x000000fc   Code   RO          735    i.initTimer         tim.o
    0x08003eb0   0x08003eb0   0x0000004c   Code   RO          480    i.initializeAccelerometer  accelerometer.o
    0x08003efc   0x08003efc   0x0000002a   Code   RO         3525    i.isrMessageGet     RTX_CM4.lib(rt_cmsis.o)
    0x08003f26   0x08003f26   0x0000002c   Code   RO         3526    i.isrMessagePut     RTX_CM4.lib(rt_cmsis.o)
    0x08003f52   0x08003f52   0x00000028   Code   RO         3527    i.isrSemaphoreRelease  RTX_CM4.lib(rt_cmsis.o)
    0x08003f7a   0x08003f7a   0x00000024   Code   RO         3528    i.isrSignalSet      RTX_CM4.lib(rt_cmsis.o)
    0x08003f9e   0x08003f9e   0x00000002   PAD
    0x08003fa0   0x08003fa0   0x00000028   Code   RO         4352    i.isr_evt_set       RTX_CM4.lib(rt_event.o)
    0x08003fc8   0x08003fc8   0x00000056   Code   RO         4474    i.isr_mbx_receive   RTX_CM4.lib(rt_mailbox.o)
    0x0800401e   0x0800401e   0x0000000e   Code   RO         4475    i.isr_mbx_send      RTX_CM4.lib(rt_mailbox.o)
    0x0800402c   0x0800402c   0x00000010   Code   RO         4522    i.isr_sem_send      RTX_CM4.lib(rt_semaphore.o)
    0x0800403c   0x0800403c   0x00000094   Code   RO            6    i.main              main.o
    0x080040d0   0x080040d0   0x00000018   Code   RO         3529    i.osDelay           RTX_CM4.lib(rt_cmsis.o)
    0x080040e8   0x080040e8   0x00000024   Code   RO         3530    i.osKernelInitialize  RTX_CM4.lib(rt_cmsis.o)
    0x0800410c   0x0800410c   0x0000006c   Code   RO         3532    i.osKernelStart     RTX_CM4.lib(rt_cmsis.o)
    0x08004178   0x08004178   0x00000018   Code   RO         3541    i.osMessageGet      RTX_CM4.lib(rt_cmsis.o)
    0x08004190   0x08004190   0x0000002c   Code   RO         3551    i.osSemaphoreCreate  RTX_CM4.lib(rt_cmsis.o)
    0x080041bc   0x080041bc   0x00000018   Code   RO         3553    i.osSemaphoreRelease  RTX_CM4.lib(rt_cmsis.o)
    0x080041d4   0x080041d4   0x00000018   Code   RO         3554    i.osSemaphoreWait   RTX_CM4.lib(rt_cmsis.o)
    0x080041ec   0x080041ec   0x00000018   Code   RO         3556    i.osSignalSet       RTX_CM4.lib(rt_cmsis.o)
    0x08004204   0x08004204   0x0000002c   Code   RO         3558    i.osThreadCreate    RTX_CM4.lib(rt_cmsis.o)
    0x08004230   0x08004230   0x00000018   Code   RO         3559    i.osThreadExit      RTX_CM4.lib(rt_cmsis.o)
    0x08004248   0x08004248   0x0000000c   Code   RO         3565    i.osTimerCall       RTX_CM4.lib(rt_cmsis.o)
    0x08004254   0x08004254   0x0000002c   Code   RO         3570    i.osTimerThread     RTX_CM4.lib(rt_cmsis.o)
    0x08004280   0x08004280   0x00000002   Code   RO          817    i.os_error          rtx_conf_cm.o
    0x08004282   0x08004282   0x00000002   Code   RO          818    i.os_idle_demon     rtx_conf_cm.o
    0x08004284   0x08004284   0x00000028   Code   RO         4262    i.os_tick_init      RTX_CM4.lib(rt_system.o)
    0x080042ac   0x080042ac   0x00000002   Code   RO         4263    i.os_tick_irqack    RTX_CM4.lib(rt_system.o)
    0x080042ae   0x080042ae   0x00000002   PAD
    0x080042b0   0x080042b0   0x000000d4   Code   RO          679    i.printState        state_machine.o
    0x08004384   0x08004384   0x00000254   Code   RO          626    i.readInput         keypad.o
    0x080045d8   0x080045d8   0x00000060   Code   RO          526    i.resetDisplay      display.o
    0x08004638   0x08004638   0x0000001a   Code   RO         4596    i.rt_alloc_box      RTX_CM4.lib(rt_membox.o)
    0x08004652   0x08004652   0x0000003e   Code   RO         4624    i.rt_alloc_mem      RTX_CM4.lib(rt_memory.o)
    0x08004690   0x08004690   0x00000038   Code   RO         4177    i.rt_block          RTX_CM4.lib(rt_task.o)
    0x080046c8   0x080046c8   0x00000048   Code   RO         4701    i.rt_chk_robin      RTX_CM4.lib(rt_robin.o)
    0x08004710   0x08004710   0x00000070   Code   RO         4398    i.rt_dec_dly        RTX_CM4.lib(rt_list.o)
    0x08004780   0x08004780   0x00000044   Code   RO         4178    i.rt_dispatch       RTX_CM4.lib(rt_task.o)
    0x080047c4   0x080047c4   0x00000006   Code   RO         4144    i.rt_dly_wait       RTX_CM4.lib(rt_time.o)
    0x080047ca   0x080047ca   0x00000002   PAD
    0x080047cc   0x080047cc   0x00000050   Code   RO         4355    i.rt_evt_psh        RTX_CM4.lib(rt_event.o)
    0x0800481c   0x0800481c   0x0000005c   Code   RO         4356    i.rt_evt_set        RTX_CM4.lib(rt_event.o)
    0x08004878   0x08004878   0x0000002c   Code   RO         4597    i.rt_free_box       RTX_CM4.lib(rt_membox.o)
    0x080048a4   0x080048a4   0x00000028   Code   RO         4625    i.rt_free_mem       RTX_CM4.lib(rt_memory.o)
    0x080048cc   0x080048cc   0x00000028   Code   RO         4399    i.rt_get_first      RTX_CM4.lib(rt_list.o)
    0x080048f4   0x080048f4   0x00000008   Code   RO         3575    i.rt_id2obj         RTX_CM4.lib(rt_cmsis.o)
    0x080048fc   0x080048fc   0x00000048   Code   RO         4179    i.rt_init_context   RTX_CM4.lib(rt_task.o)
    0x08004944   0x08004944   0x0000001a   Code   RO         4626    i.rt_init_mem       RTX_CM4.lib(rt_memory.o)
    0x0800495e   0x0800495e   0x00000002   PAD
    0x08004960   0x08004960   0x00000018   Code   RO         4702    i.rt_init_robin     RTX_CM4.lib(rt_robin.o)
    0x08004978   0x08004978   0x00000080   Code   RO         4651    i.rt_init_stack     RTX_CM4.lib(hal_cm.o)
    0x080049f8   0x080049f8   0x00000008   Code   RO         4476    i.rt_mbx_check      RTX_CM4.lib(rt_mailbox.o)
    0x08004a00   0x08004a00   0x0000001a   Code   RO         4477    i.rt_mbx_init       RTX_CM4.lib(rt_mailbox.o)
    0x08004a1a   0x08004a1a   0x00000002   PAD
    0x08004a1c   0x08004a1c   0x000000f0   Code   RO         4478    i.rt_mbx_psh        RTX_CM4.lib(rt_mailbox.o)
    0x08004b0c   0x08004b0c   0x000000b4   Code   RO         4480    i.rt_mbx_wait       RTX_CM4.lib(rt_mailbox.o)
    0x08004bc0   0x08004bc0   0x00000044   Code   RO         3576    i.rt_ms2tick        RTX_CM4.lib(rt_cmsis.o)
    0x08004c04   0x08004c04   0x0000007c   Code   RO         4266    i.rt_pop_req        RTX_CM4.lib(rt_system.o)
    0x08004c80   0x08004c80   0x00000020   Code   RO         4267    i.rt_psh_req        RTX_CM4.lib(rt_system.o)
    0x08004ca0   0x08004ca0   0x0000005c   Code   RO         4401    i.rt_psq_enq        RTX_CM4.lib(rt_list.o)
    0x08004cfc   0x08004cfc   0x00000048   Code   RO         4402    i.rt_put_dly        RTX_CM4.lib(rt_list.o)
    0x08004d44   0x08004d44   0x00000036   Code   RO         4403    i.rt_put_prio       RTX_CM4.lib(rt_list.o)
    0x08004d7a   0x08004d7a   0x00000002   PAD
    0x08004d7c   0x08004d7c   0x00000014   Code   RO         4404    i.rt_put_rdy_first  RTX_CM4.lib(rt_list.o)
    0x08004d90   0x08004d90   0x00000034   Code   RO         4405    i.rt_resort_prio    RTX_CM4.lib(rt_list.o)
    0x08004dc4   0x08004dc4   0x00000010   Code   RO         4652    i.rt_ret_regs       RTX_CM4.lib(hal_cm.o)
    0x08004dd4   0x08004dd4   0x0000000c   Code   RO         4653    i.rt_ret_val        RTX_CM4.lib(hal_cm.o)
    0x08004de0   0x08004de0   0x00000010   Code   RO         4654    i.rt_ret_val2       RTX_CM4.lib(hal_cm.o)
    0x08004df0   0x08004df0   0x00000028   Code   RO         4406    i.rt_rmv_dly        RTX_CM4.lib(rt_list.o)
    0x08004e18   0x08004e18   0x00000030   Code   RO         4407    i.rt_rmv_list       RTX_CM4.lib(rt_list.o)
    0x08004e48   0x08004e48   0x0000000c   Code   RO         4524    i.rt_sem_init       RTX_CM4.lib(rt_semaphore.o)
    0x08004e54   0x08004e54   0x00000034   Code   RO         4525    i.rt_sem_psh        RTX_CM4.lib(rt_semaphore.o)
    0x08004e88   0x08004e88   0x0000002a   Code   RO         4526    i.rt_sem_send       RTX_CM4.lib(rt_semaphore.o)
    0x08004eb2   0x08004eb2   0x00000002   PAD
    0x08004eb4   0x08004eb4   0x00000040   Code   RO         4527    i.rt_sem_wait       RTX_CM4.lib(rt_semaphore.o)
    0x08004ef4   0x08004ef4   0x00000024   Code   RO         4269    i.rt_stk_check      RTX_CM4.lib(rt_system.o)
    0x08004f18   0x08004f18   0x00000028   Code   RO         4180    i.rt_switch_req     RTX_CM4.lib(rt_task.o)
    0x08004f40   0x08004f40   0x000000cc   Code   RO         4181    i.rt_sys_init       RTX_CM4.lib(rt_task.o)
    0x0800500c   0x0800500c   0x00000078   Code   RO         4182    i.rt_sys_start      RTX_CM4.lib(rt_task.o)
    0x08005084   0x08005084   0x00000040   Code   RO         4271    i.rt_systick        RTX_CM4.lib(rt_system.o)
    0x080050c4   0x080050c4   0x00000012   Code   RO         3577    i.rt_tid2ptcb       RTX_CM4.lib(rt_cmsis.o)
    0x080050d6   0x080050d6   0x00000002   PAD
    0x080050d8   0x080050d8   0x00000034   Code   RO         3578    i.rt_timer_insert   RTX_CM4.lib(rt_cmsis.o)
    0x0800510c   0x0800510c   0x00000088   Code   RO         4183    i.rt_tsk_create     RTX_CM4.lib(rt_task.o)
    0x08005194   0x08005194   0x0000017c   Code   RO         4184    i.rt_tsk_delete     RTX_CM4.lib(rt_task.o)
    0x08005310   0x08005310   0x0000007c   Code   RO         4186    i.rt_tsk_prio       RTX_CM4.lib(rt_task.o)
    0x0800538c   0x0800538c   0x00000010   Code   RO         4187    i.rt_tsk_self       RTX_CM4.lib(rt_task.o)
    0x0800539c   0x0800539c   0x000000e0   Code   RO          527    i.setDisplay        display.o
    0x0800547c   0x0800547c   0x00000134   Code   RO          680    i.setEvent          state_machine.o
    0x080055b0   0x080055b0   0x00000050   Code   RO          737    i.setLedIntensityPitch  tim.o
    0x08005600   0x08005600   0x00000050   Code   RO          738    i.setLedIntensityRoll  tim.o
    0x08005650   0x08005650   0x00000074   Code   RO          681    i.setPressType      state_machine.o
    0x080056c4   0x080056c4   0x0000035c   Code   RO          682    i.set_state         state_machine.o
    0x08005a20   0x08005a20   0x00000040   Code   RO          321    i.start_Threads     threads.o
    0x08005a60   0x08005a60   0x00000012   Code   RO         3580    i.svcDelay          RTX_CM4.lib(rt_cmsis.o)
    0x08005a72   0x08005a72   0x00000002   PAD
    0x08005a74   0x08005a74   0x00000070   Code   RO         3581    i.svcKernelInitialize  RTX_CM4.lib(rt_cmsis.o)
    0x08005ae4   0x08005ae4   0x00000048   Code   RO         3583    i.svcKernelStart    RTX_CM4.lib(rt_cmsis.o)
    0x08005b2c   0x08005b2c   0x00000024   Code   RO         3586    i.svcMessageCreate  RTX_CM4.lib(rt_cmsis.o)
    0x08005b50   0x08005b50   0x0000003a   Code   RO         3587    i.svcMessageGet     RTX_CM4.lib(rt_cmsis.o)
    0x08005b8a   0x08005b8a   0x00000024   Code   RO         3594    i.svcSemaphoreCreate  RTX_CM4.lib(rt_cmsis.o)
    0x08005bae   0x08005bae   0x00000028   Code   RO         3596    i.svcSemaphoreRelease  RTX_CM4.lib(rt_cmsis.o)
    0x08005bd6   0x08005bd6   0x00000032   Code   RO         3597    i.svcSemaphoreWait  RTX_CM4.lib(rt_cmsis.o)
    0x08005c08   0x08005c08   0x00000024   Code   RO         3599    i.svcSignalSet      RTX_CM4.lib(rt_cmsis.o)
    0x08005c2c   0x08005c2c   0x0000006c   Code   RO         3601    i.svcThreadCreate   RTX_CM4.lib(rt_cmsis.o)
    0x08005c98   0x08005c98   0x0000001c   Code   RO         3602    i.svcThreadGetId    RTX_CM4.lib(rt_cmsis.o)
    0x08005cb4   0x08005cb4   0x00000038   Code   RO         3605    i.svcThreadTerminate  RTX_CM4.lib(rt_cmsis.o)
    0x08005cec   0x08005cec   0x00000018   Code   RO         3607    i.svcTimerCall      RTX_CM4.lib(rt_cmsis.o)
    0x08005d04   0x08005d04   0x0000005c   Code   RO         3616    i.sysTimerTick      RTX_CM4.lib(rt_cmsis.o)
    0x08005d60   0x08005d60   0x00000054   Code   RO          683    i.updateAngle       state_machine.o
    0x08005db4   0x08005db4   0x0000007c   Code   RO          684    i.updateState       state_machine.o
    0x08005e30   0x08005e30   0x00000034   Data   RO          322    .constdata          threads.o
    0x08005e64   0x08005e64   0x00000010   Data   RO          482    .constdata          accelerometer.o
    0x08005e74   0x08005e74   0x00000002   Data   RO          825    .constdata          rtx_conf_cm.o
    0x08005e76   0x08005e76   0x00000002   PAD
    0x08005e78   0x08005e78   0x00000004   Data   RO          826    .constdata          rtx_conf_cm.o
    0x08005e7c   0x08005e7c   0x00000004   Data   RO          827    .constdata          rtx_conf_cm.o
    0x08005e80   0x08005e80   0x00000004   Data   RO          831    .constdata          rtx_conf_cm.o
    0x08005e84   0x08005e84   0x00000001   Data   RO          832    .constdata          rtx_conf_cm.o
    0x08005e85   0x08005e85   0x00000003   PAD
    0x08005e88   0x08005e88   0x00000020   Data   RO          833    .constdata          rtx_conf_cm.o
    0x08005ea8   0x08005ea8   0x00000002   Data   RO          834    .constdata          rtx_conf_cm.o
    0x08005eaa   0x08005eaa   0x00000002   PAD
    0x08005eac   0x08005eac   0x00000004   Data   RO          835    .constdata          rtx_conf_cm.o
    0x08005eb0   0x08005eb0   0x00000004   Data   RO          836    .constdata          rtx_conf_cm.o
    0x08005eb4   0x08005eb4   0x00000001   Data   RO          837    .constdata          rtx_conf_cm.o
    0x08005eb5   0x08005eb5   0x00000003   PAD
    0x08005eb8   0x08005eb8   0x00000010   Data   RO          838    .constdata          rtx_conf_cm.o
    0x08005ec8   0x08005ec8   0x00000008   Data   RO          839    .constdata          rtx_conf_cm.o
    0x08005ed0   0x08005ed0   0x00000002   Data   RO          840    .constdata          rtx_conf_cm.o
    0x08005ed2   0x08005ed2   0x00000010   Data   RO         1774    .constdata          stm32f4xx_hal_rcc.o
    0x08005ee2   0x08005ee2   0x00000040   Data   RO         5115    .constdata          mc_w.l(ctype_c.o)
    0x08005f22   0x08005f22   0x00000002   PAD
    0x08005f24   0x08005f24   0x00000041   Data   RO          630    .conststring        keypad.o
    0x08005f65   0x08005f65   0x00000003   PAD
    0x08005f68   0x08005f68   0x00000020   Data   RO         5117    Region$$Table       anon$$obj.o


    Execution Region RW_IRAM1 (Exec base: 0x20000000, Load base: 0x08005f88, Size: 0x00002fb0, Max: 0x00020000, ABSOLUTE, COMPRESSED[0x000000b4])

    Exec Addr    Load Addr    Size         Type   Attr      Idx    E Section Name        Object

    0x20000000   COMPRESSED   0x00000008   Data   RW          323    .data               threads.o
    0x20000008   COMPRESSED   0x00000010   Data   RW          324    .data               threads.o
    0x20000018   COMPRESSED   0x00000004   Data   RW          393    .data               lis3dsh.o
    0x2000001c   COMPRESSED   0x00000060   Data   RW          483    .data               accelerometer.o
    0x2000007c   COMPRESSED   0x0000001c   Data   RW          528    .data               display.o
    0x20000098   COMPRESSED   0x0000001c   Data   RW          529    .data               display.o
    0x200000b4   COMPRESSED   0x0000001c   Data   RW          530    .data               display.o
    0x200000d0   COMPRESSED   0x0000001c   Data   RW          531    .data               display.o
    0x200000ec   COMPRESSED   0x0000001c   Data   RW          532    .data               display.o
    0x20000108   COMPRESSED   0x0000001c   Data   RW          533    .data               display.o
    0x20000124   COMPRESSED   0x0000001c   Data   RW          534    .data               display.o
    0x20000140   COMPRESSED   0x0000001c   Data   RW          535    .data               display.o
    0x2000015c   COMPRESSED   0x0000001c   Data   RW          536    .data               display.o
    0x20000178   COMPRESSED   0x0000001c   Data   RW          537    .data               display.o
    0x20000194   COMPRESSED   0x00000030   Data   RW          538    .data               display.o
    0x200001c4   COMPRESSED   0x0000003c   Data   RW          581    .data               filter.o
    0x20000200   COMPRESSED   0x0000001c   Data   RW          631    .data               keypad.o
    0x2000021c   COMPRESSED   0x00000014   Data   RW          686    .data               state_machine.o
    0x20000230   COMPRESSED   0x00000004   Data   RW          740    .data               tim.o
    0x20000234   COMPRESSED   0x00000004   Data   RW          842    .data               rtx_conf_cm.o
    0x20000238   COMPRESSED   0x00000004   Data   RW          843    .data               rtx_conf_cm.o
    0x2000023c   COMPRESSED   0x00000004   Data   RW          844    .data               rtx_conf_cm.o
    0x20000240   COMPRESSED   0x00000004   Data   RW         3397    .data               system_stm32f4xx.o
    0x20000244   COMPRESSED   0x00000008   Data   RW         3619    .data               RTX_CM4.lib(rt_cmsis.o)
    0x2000024c   COMPRESSED   0x00000004   Data   RW         4148    .data               RTX_CM4.lib(rt_time.o)
    0x20000250   COMPRESSED   0x00000008   Data   RW         4189    .data               RTX_CM4.lib(rt_task.o)
    0x20000258   COMPRESSED   0x00000008   Data   RW         4274    .data               RTX_CM4.lib(rt_system.o)
    0x20000260   COMPRESSED   0x00000001   Data   RW         4655    .data               RTX_CM4.lib(hal_cm.o)
    0x20000261   COMPRESSED   0x00000003   PAD
    0x20000264   COMPRESSED   0x00000008   Data   RW         4703    .data               RTX_CM4.lib(rt_robin.o)
    0x2000026c   COMPRESSED   0x00000004   Data   RW         5071    .data               mc_w.l(stdout.o)
    0x20000270   COMPRESSED   0x00000004   Data   RW         5081    .data               mc_w.l(errno.o)
    0x20000274        -       0x00000058   Zero   RW          392    .bss                lis3dsh.o
    0x200002cc        -       0x0000000c   Zero   RW          481    .bss                accelerometer.o
    0x200002d8        -       0x00000030   Zero   RW          580    .bss                filter.o
    0x20000308        -       0x0000001c   Zero   RW          629    .bss                keypad.o
    0x20000324        -       0x00000014   Zero   RW          685    .bss                state_machine.o
    0x20000338        -       0x0000006c   Zero   RW          739    .bss                tim.o
    0x200003a4        -       0x00000020   Zero   RW          819    .bss                rtx_conf_cm.o
    0x200003c4        -       0x000001e0   Zero   RW          820    .bss                rtx_conf_cm.o
    0x200005a4   COMPRESSED   0x00000004   PAD
    0x200005a8        -       0x00002010   Zero   RW          821    .bss                rtx_conf_cm.o
    0x200025b8        -       0x000004e8   Zero   RW          822    .bss                rtx_conf_cm.o
    0x20002aa0        -       0x00000084   Zero   RW          823    .bss                rtx_conf_cm.o
    0x20002b24        -       0x00000024   Zero   RW          824    .bss                rtx_conf_cm.o
    0x20002b48        -       0x00000034   Zero   RW         4188    .bss                RTX_CM4.lib(rt_task.o)
    0x20002b7c        -       0x00000030   Zero   RW         4408    .bss                RTX_CM4.lib(rt_list.o)
    0x20002bac   COMPRESSED   0x00000004   PAD
    0x20002bb0        -       0x00000400   Zero   RW         3384    STACK               startup_stm32f407xx.o


==============================================================================

Image component sizes


      Code (inc. data)   RO Data    RW Data    ZI Data      Debug   Object Name

       548         88         16         96         12      23871   accelerometer.o
       708         28          0        328          0       3450   display.o
       388         18          0         60         48      16113   filter.o
        52          8          0          0          0      30427   fput_debug.o
       544         32          0          0          0       1251   gpio.o
       596         20         65         28         28       2661   keypad.o
      1110        142          0          4         88      13779   lis3dsh.o
       160         16          0          0          0     367527   main.o
        28          6         84         12      10144       7596   rtx_conf_cm.o
        36          8        392          0       1024        840   startup_stm32f407xx.o
      1704        774          0         20         20       6506   state_machine.o
        96          4          0          0          0       3092   stm32f4xx_hal.o
       210         16          0          0          0      33339   stm32f4xx_hal_cortex.o
       640         24          0          0          0       4603   stm32f4xx_hal_gpio.o
      1716         84         16          0          0       5329   stm32f4xx_hal_rcc.o
       176          0          0          0          0       3041   stm32f4xx_hal_spi.o
       882         28          0          0          0       6096   stm32f4xx_hal_tim.o
        38         24          0          0          0        903   stm32f4xx_it.o
        88         24          0          4          0       1189   system_stm32f4xx.o
       656        114         52         24          0       4745   threads.o
       492         82          0          4        108       2982   tim.o

    ----------------------------------------------------------------------
     10880       1540        670        580      11476     539340   Object Totals
         0          0         32          0          0          0   (incl. Generated)
        12          0         13          0          4          0   (incl. Padding)

    ----------------------------------------------------------------------

      Code (inc. data)   RO Data    RW Data    ZI Data      Debug   Library Member Name

       268         24          0          1          0       4524   hal_cm.o
       408         34          0          0          0        824   hal_cm4.o
      1506        168          0          8          0      42630   rt_cmsis.o
       212         14          0          0          0       2052   rt_event.o
       530         34          0          0         48       8685   rt_list.o
       554         10          0          0          0       4237   rt_mailbox.o
       140          0          0          0          0       2069   rt_membox.o
       128          0          0          0          0       2451   rt_memory.o
        96         22          0          8          0       1254   rt_robin.o
       186         10          0          0          0       3142   rt_semaphore.o
       298         52          0          8          0       6511   rt_system.o
      1216        174          0          8         52      10129   rt_task.o
         6          0          0          4          0        700   rt_time.o
         4          4          0          0          0        208   svc_table.o
       332          0          0          0          0      18545   arm_biquad_cascade_df1_f32.o
         8          0          0          0          0        999   arm_mat_init_f32.o
       316          4          0          0          0       2375   arm_mat_mult_f32.o
       592         90          0          0          0        184   atan2f.o
        38          0          0          0          0        116   fpclassifyf.o
        22          6          0          0          0        232   funder.o
       224         30          0          0          0        172   round.o
        58          0          0          0          0        136   sqrtf_full.o
        56          8          0          0          0         84   __0sscanf.o
        86          0          0          0          0          0   __dczerorl2.o
        28          0          0          0          0         68   _chval.o
       812          4          0          0          0        112   _scanf.o
       332          0          0          0          0         96   _scanf_int.o
        64          0          0          0          0         84   _sgetc.o
        40          6         64          0          0         68   ctype_c.o
         0          0          0          0          0          0   entry.o
         0          0          0          0          0          0   entry10a.o
         0          0          0          0          0          0   entry11a.o
         8          4          0          0          0          0   entry2.o
         4          0          0          0          0          0   entry5.o
         0          0          0          0          0          0   entry7b.o
         0          0          0          0          0          0   entry8b.o
        12          6          0          4          0         68   errno.o
        30          0          0          0          0          0   handlers.o
        36          8          0          0          0         68   init.o
        10          0          0          0          0         68   isspace_c.o
         0          0          0          0          0          0   iusefp.o
        30          0          0          0          0         68   llshl.o
        36          0          0          0          0         68   llsshr.o
        32          0          0          0          0         68   llushr.o
      2378        100          0          0          0        756   printfa.o
        40          8          0          0          0         84   scanf_char.o
         0          0          0          4          0          0   stdout.o
        44          0          0          0          0         80   uidiv.o
        98          0          0          0          0         92   uldiv.o
        48          0          0          0          0         68   cdcmple.o
        48          0          0          0          0         68   cdrcmple.o
        56          0          0          0          0         88   d2f.o
       334          0          0          0          0        148   dadd.o
       222          0          0          0          0        100   ddiv.o
       186          0          0          0          0        176   depilogue.o
        48          0          0          0          0         68   dfixul.o
        34          0          0          0          0         76   dflti.o
       228          0          0          0          0         96   dmul.o
       136          4          0          0          0         92   drnd.o
        38          0          0          0          0         68   f2d.o
       110          0          0          0          0        168   fepilogue.o

    ----------------------------------------------------------------------
     12840        824         66         48        104     115323   Library Totals
        34          0          2          3          4          0   (incl. Padding)

    ----------------------------------------------------------------------

      Code (inc. data)   RO Data    RW Data    ZI Data      Debug   Library Name

      5552        546          0         37        100      89416   RTX_CM4.lib
       656          4          0          0          0      21919   arm_cortexM4lf_math.lib
       934        126          0          0          0        840   m_wm.l
      4176        144         64          8          0       1932   mc_w.l
      1488          4          0          0          0       1216   mf_w.l

    ----------------------------------------------------------------------
     12840        824         66         48        104     115323   Library Totals

    ----------------------------------------------------------------------

==============================================================================


      Code (inc. data)   RO Data    RW Data    ZI Data      Debug   

     23720       2364        736        628      11580     638131   Grand Totals
     23720       2364        736        180      11580     638131   ELF Image Totals (compressed)
     23720       2364        736        180          0          0   ROM Totals

==============================================================================

    Total RO  Size (Code + RO Data)                24456 (  23.88kB)
    Total RW  Size (RW Data + ZI Data)             12208 (  11.92kB)
    Total ROM Size (Code + RO Data + RW Data)      24636 (  24.06kB)

==============================================================================

